 zoomsdk_render

 Timestamp is 5e608422 (Thu Mar  5 12:46:26 2020)

 Preferred load address is 10000000

 Start         Length     Name                   Class
 0001:00000000 0000638aH .text                   CODE
 0001:00006390 00001244H .text$di                CODE
 0001:000075e0 0005229fH .text$mn                CODE
 0001:00059880 00001212H .text$yd                CODE
 0002:00000000 00000104H .CRT$XCA                DATA
 0002:00000104 00000146H .CRT$XCU                DATA
 0002:0000024c 00000104H .CRT$XCZ                DATA
 0002:00000350 00000104H .CRT$XIA                DATA
 0002:00000454 0000010eH .CRT$XIC                DATA
 0002:00000564 00000104H .CRT$XIZ                DATA
 0002:00000668 00000104H .CRT$XPA                DATA
 0002:0000076c 00000109H .CRT$XPX                DATA
 0002:00000878 00000104H .CRT$XPXA               DATA
 0002:0000097c 00000104H .CRT$XPZ                DATA
 0002:00000a80 00000104H .CRT$XTA                DATA
 0002:00000b84 00000104H .CRT$XTZ                DATA
 0002:00000c90 00009b93H .rdata                  DATA
 0002:0000a824 000007aeH .rdata$r                DATA
 0002:0000afe0 0000010eH .rdata$sxdata           DATA
 0002:0000b0f0 00000113H .rdata$zETW0            DATA
 0002:0000b203 0000018eH .rdata$zETW1            DATA
 0002:0000b391 00000134H .rdata$zETW2            DATA
 0002:0000b4c5 00000101H .rdata$zETW9            DATA
 0002:0000b5c8 000001b1H .rdata$zzzdbg           DATA
 0002:0000b77c 00000104H .rtc$IAA                DATA
 0002:0000b880 00000104H .rtc$IZZ                DATA
 0002:0000b984 00000104H .rtc$TAA                DATA
 0002:0000ba88 00000104H .rtc$TZZ                DATA
 0002:0000bb90 00000c50H .xdata$x                DATA
 0002:0000c7e0 00000173H .edata                  DATA
 0003:00000000 00000b0aH .data                   DATA
 0003:00000b0c 00000392H .data$r                 DATA
 0003:00000ea0 00001b00H .bss                    DATA
 0004:00000000 000001ecH .idata$5                DATA
 0004:000001ec 00000028H .idata$2                DATA
 0004:00000214 00000014H .idata$3                DATA
 0004:00000228 000001ecH .idata$4                DATA
 0004:00000414 00000817H .idata$6                DATA
 0005:00000000 00000020H .didat$2                DATA
 0005:00000020 00000020H .didat$3                DATA
 0005:00000040 0000014cH .didat$4                DATA
 0005:0000018c 0000014cH .didat$5                DATA
 0005:000002d8 00000e21H .didat$6                DATA
 0005:000010fc 0000020cH .didat$7                DATA
 0006:00000000 00000104H .00cfg                  DATA
 0007:00000000 0000053cH .rsrc$01                DATA
 0007:00000540 000446a6H .rsrc$02                DATA

  Address         Publics by Value              Rva+Base       Lib:Object

 0000:00000000       ___guard_fids_table        00000000     <absolute>
 0000:00000000       __except_list              00000000     <absolute>
 0000:00000000       ___guard_fids_count        00000000     <absolute>
 0000:00000003       ___safe_se_handler_count   00000003     <absolute>
 0000:00000100       ___guard_flags             00000100     <absolute>
 0000:00000000       ___ImageBase               10000000     <linker-defined>
 0001:00006095       ?TraceLoggingRegister@__vcrt_trace_logging_provider@@YAJPBU_TlgProvider_t@1@PBU_GUID@@P6GX1KE_K2PAU_EVENT_FILTER_DESCRIPTOR@@PAX@Z4@Z 10007095 f i libvcruntime:telemetry.obj
 0001:00006109       ?TraceLoggingSetInformation@__vcrt_trace_logging_provider@@YAJPBU_TlgProvider_t@1@W4_EVENT_INFO_CLASS@@PAXK@Z 10007109 f i libvcruntime:telemetry.obj
 0001:0000613e       ?TraceLoggingUnregister@__vcrt_trace_logging_provider@@YAXPBU_TlgProvider_t@1@@Z 1000713e f i libvcruntime:telemetry.obj
 0001:00006164       ?_TlgCreateSz@__vcrt_trace_logging_provider@@YAXPAU_EVENT_DATA_DESCRIPTOR@@PBD@Z 10007164 f i libvcruntime:telemetry.obj
 0001:000061aa       ?_TlgCreateWsz@__vcrt_trace_logging_provider@@YAXPAU_EVENT_DATA_DESCRIPTOR@@PB_W@Z 100071aa f i libvcruntime:telemetry.obj
 0001:000061ff       ?_TlgEnableCallback@__vcrt_trace_logging_provider@@YGXPBU_GUID@@KE_K1PAU_EVENT_FILTER_DESCRIPTOR@@PAX@Z 100071ff f i libvcruntime:telemetry.obj
 0001:00006295       ?_TlgKeywordOn@__vcrt_trace_logging_provider@@YAEPBU_TlgProvider_t@1@_K@Z 10007295 f i libvcruntime:telemetry.obj
 0001:000062e0       ?_TlgWrite@__vcrt_trace_logging_provider@@YAJPBU_TlgProvider_t@1@PBXPBU_GUID@@2IPAU_EVENT_DATA_DESCRIPTOR@@@Z 100072e0 f i libvcruntime:telemetry.obj
 0001:000075e0       ?InitAll@@YAXV?$Local@VObject@v8@@@v8@@0@Z 100085e0 f   zoom_node_render_addon.obj
 0001:00007920       ??$__vcrt_va_start_verify_argument_type@QBD@@YAXXZ 10008920 f i zoom_node_render_addon.obj
 0001:00007930       ??1ObjectWrap@node@@UAE@XZ 10008930 f i zoom_node_render_addon.obj
 0001:00007980       ??_E?$ZoomWrapObject@VZoomNodeAudioRawDataLibuvClientWrap@@@@MAEPAXI@Z 10008980 f i zoom_node_render_addon.obj
 0001:00007980       ??_G?$ZoomWrapObject@VZoomNodeAudioRawDataLibuvClientWrap@@@@MAEPAXI@Z 10008980 f i zoom_node_render_addon.obj
 0001:000079e0       ??_G?$ZoomWrapObject@VZoomNodeRenderWrap@@@@MAEPAXI@Z 100089e0 f i zoom_node_render_addon.obj
 0001:000079e0       ??_E?$ZoomWrapObject@VZoomNodeRenderWrap@@@@MAEPAXI@Z 100089e0 f i zoom_node_render_addon.obj
 0001:00007a40       ??_G?$ZoomWrapObject@VZoomNodeShareRawDataLibuvClientWrap@@@@MAEPAXI@Z 10008a40 f i zoom_node_render_addon.obj
 0001:00007a40       ??_E?$ZoomWrapObject@VZoomNodeShareRawDataLibuvClientWrap@@@@MAEPAXI@Z 10008a40 f i zoom_node_render_addon.obj
 0001:00007aa0       ??_E?$ZoomWrapObject@VZoomNodeVideoRawDataLibuvClientWrap@@@@MAEPAXI@Z 10008aa0 f i zoom_node_render_addon.obj
 0001:00007aa0       ??_G?$ZoomWrapObject@VZoomNodeVideoRawDataLibuvClientWrap@@@@MAEPAXI@Z 10008aa0 f i zoom_node_render_addon.obj
 0001:00007b00       ??_GObjectWrap@node@@UAEPAXI@Z 10008b00 f i zoom_node_render_addon.obj
 0001:00007b00       ??_EObjectWrap@node@@UAEPAXI@Z 10008b00 f i zoom_node_render_addon.obj
 0001:00007b60       ??_GZoomNodeAudioRawDataLibuvClientWrap@@EAEPAXI@Z 10008b60 f i zoom_node_render_addon.obj
 0001:00007b60       ??_EZoomNodeAudioRawDataLibuvClientWrap@@EAEPAXI@Z 10008b60 f i zoom_node_render_addon.obj
 0001:00007bc0       ??_EZoomNodeRenderWrap@@EAEPAXI@Z 10008bc0 f i zoom_node_render_addon.obj
 0001:00007bc0       ??_GZoomNodeRenderWrap@@EAEPAXI@Z 10008bc0 f i zoom_node_render_addon.obj
 0001:00007c20       ??_GZoomNodeShareRawDataLibuvClientWrap@@EAEPAXI@Z 10008c20 f i zoom_node_render_addon.obj
 0001:00007c20       ??_EZoomNodeShareRawDataLibuvClientWrap@@EAEPAXI@Z 10008c20 f i zoom_node_render_addon.obj
 0001:00007c80       ??_GZoomNodeVideoRawDataLibuvClientWrap@@EAEPAXI@Z 10008c80 f i zoom_node_render_addon.obj
 0001:00007c80       ??_EZoomNodeVideoRawDataLibuvClientWrap@@EAEPAXI@Z 10008c80 f i zoom_node_render_addon.obj
 0001:00007ce0       ?CreateObject@@YAXABV?$FunctionCallbackInfo@VValue@v8@@@v8@@@Z 10008ce0 f   zoom_node_render_addon.obj
 0001:00007cf0       ?GetAudioLibuvClientObj@ZoomNodeRenderWrap@@SAXABV?$FunctionCallbackInfo@VValue@v8@@@v8@@@Z 10008cf0 f   zoom_node_render_addon.obj
 0001:00007d00       ?GetShareLibuvClientObj@ZoomNodeRenderWrap@@SAXABV?$FunctionCallbackInfo@VValue@v8@@@v8@@@Z 10008d00 f   zoom_node_render_addon.obj
 0001:00007d10       ?GetVideoLibuvClientObj@ZoomNodeRenderWrap@@SAXABV?$FunctionCallbackInfo@VValue@v8@@@v8@@@Z 10008d10 f   zoom_node_render_addon.obj
 0001:00007d20       ?Init@?$ZoomWrapObject@VZoomNodeAudioRawDataLibuvClientWrap@@@@SAXPAVIsolate@v8@@@Z 10008d20 f i zoom_node_render_addon.obj
 0001:00007de0       ?Init@?$ZoomWrapObject@VZoomNodeRenderWrap@@@@SAXPAVIsolate@v8@@@Z 10008de0 f i zoom_node_render_addon.obj
 0001:00007ea0       ?Init@?$ZoomWrapObject@VZoomNodeShareRawDataLibuvClientWrap@@@@SAXPAVIsolate@v8@@@Z 10008ea0 f i zoom_node_render_addon.obj
 0001:00007f60       ?Init@?$ZoomWrapObject@VZoomNodeVideoRawDataLibuvClientWrap@@@@SAXPAVIsolate@v8@@@Z 10008f60 f i zoom_node_render_addon.obj
 0001:00008020       ?NODE_SET_METHOD@node@@YAXV?$Local@VObject@v8@@@v8@@PBDP6AXABV?$FunctionCallbackInfo@VValue@v8@@@3@@Z@Z 10009020 f i zoom_node_render_addon.obj
 0001:00008120       ?NODE_SET_PROTOTYPE_METHOD@node@@YAXV?$Local@VFunctionTemplate@v8@@@v8@@PBDP6AXABV?$FunctionCallbackInfo@VValue@v8@@@3@@Z@Z 10009120 f i zoom_node_render_addon.obj
 0001:00008200       ?New@?$ZoomWrapObject@VZoomNodeAudioRawDataLibuvClientWrap@@@@SAXABV?$FunctionCallbackInfo@VValue@v8@@@v8@@@Z 10009200 f i zoom_node_render_addon.obj
 0001:00008360       ?New@?$ZoomWrapObject@VZoomNodeRenderWrap@@@@SAXABV?$FunctionCallbackInfo@VValue@v8@@@v8@@@Z 10009360 f i zoom_node_render_addon.obj
 0001:000084c0       ?New@?$ZoomWrapObject@VZoomNodeShareRawDataLibuvClientWrap@@@@SAXABV?$FunctionCallbackInfo@VValue@v8@@@v8@@@Z 100094c0 f i zoom_node_render_addon.obj
 0001:00008620       ?New@?$ZoomWrapObject@VZoomNodeVideoRawDataLibuvClientWrap@@@@SAXABV?$FunctionCallbackInfo@VValue@v8@@@v8@@@Z 10009620 f i zoom_node_render_addon.obj
 0001:00008780       ?NewInstance@?$ZoomWrapObject@VZoomNodeAudioRawDataLibuvClientWrap@@@@SAXABV?$FunctionCallbackInfo@VValue@v8@@@v8@@@Z 10009780 f i zoom_node_render_addon.obj
 0001:00008830       ?NewInstance@?$ZoomWrapObject@VZoomNodeRenderWrap@@@@SAXABV?$FunctionCallbackInfo@VValue@v8@@@v8@@@Z 10009830 f i zoom_node_render_addon.obj
 0001:000088e0       ?NewInstance@?$ZoomWrapObject@VZoomNodeShareRawDataLibuvClientWrap@@@@SAXABV?$FunctionCallbackInfo@VValue@v8@@@v8@@@Z 100098e0 f i zoom_node_render_addon.obj
 0001:00008990       ?NewInstance@?$ZoomWrapObject@VZoomNodeVideoRawDataLibuvClientWrap@@@@SAXABV?$FunctionCallbackInfo@VValue@v8@@@v8@@@Z 10009990 f i zoom_node_render_addon.obj
 0001:00008a40       ?Ref@ObjectWrap@node@@MAEXXZ 10009a40 f i zoom_node_render_addon.obj
 0001:00008a80       ?RunAudioFormatDataCB@@YAXPAD@Z 10009a80 f   zoom_node_render_addon.obj
 0001:00008ce0       ?RunVideoFormatDataCB@@YAXPADH@Z 10009ce0 f   zoom_node_render_addon.obj
 0001:00009010       ?SendPingPongMsg@@YAXHI@Z  1000a010 f   zoom_node_render_addon.obj
 0001:000090b0       ?SetRenderAudioRawDataCB@ZoomNodeAudioRawDataLibuvClientWrap@@SAXABV?$FunctionCallbackInfo@VValue@v8@@@v8@@@Z 1000a0b0 f   zoom_node_render_addon.obj
 0001:000093e0       ?SetRenderShareRawDataCB@ZoomNodeShareRawDataLibuvClientWrap@@SAXABV?$FunctionCallbackInfo@VValue@v8@@@v8@@@Z 1000a3e0 f   zoom_node_render_addon.obj
 0001:000095e0       ?SetRenderVideoRawDataCB@ZoomNodeVideoRawDataLibuvClientWrap@@SAXABV?$FunctionCallbackInfo@VValue@v8@@@v8@@@Z 1000a5e0 f   zoom_node_render_addon.obj
 0001:000097e0       ?StartAudioClient@ZoomNodeAudioRawDataLibuvClientWrap@@SAXABV?$FunctionCallbackInfo@VValue@v8@@@v8@@@Z 1000a7e0 f   zoom_node_render_addon.obj
 0001:00009870       ?StartShareClient@ZoomNodeShareRawDataLibuvClientWrap@@SAXABV?$FunctionCallbackInfo@VValue@v8@@@v8@@@Z 1000a870 f   zoom_node_render_addon.obj
 0001:00009900       ?StartVideoClient@ZoomNodeVideoRawDataLibuvClientWrap@@SAXABV?$FunctionCallbackInfo@VValue@v8@@@v8@@@Z 1000a900 f   zoom_node_render_addon.obj
 0001:00009990       ?StopAudioClient@ZoomNodeAudioRawDataLibuvClientWrap@@SAXABV?$FunctionCallbackInfo@VValue@v8@@@v8@@@Z 1000a990 f   zoom_node_render_addon.obj
 0001:000099e0       ?StopShareClient@ZoomNodeShareRawDataLibuvClientWrap@@SAXABV?$FunctionCallbackInfo@VValue@v8@@@v8@@@Z 1000a9e0 f   zoom_node_render_addon.obj
 0001:00009a30       ?StopVideoClient@ZoomNodeVideoRawDataLibuvClientWrap@@SAXABV?$FunctionCallbackInfo@VValue@v8@@@v8@@@Z 1000aa30 f   zoom_node_render_addon.obj
 0001:00009a80       ?Unref@ObjectWrap@node@@MAEXXZ 1000aa80 f i zoom_node_render_addon.obj
 0001:00009b20       ?WeakCallback@ObjectWrap@node@@CAXABV?$WeakCallbackInfo@VObjectWrap@node@@@v8@@@Z 1000ab20 f i zoom_node_render_addon.obj
 0001:00009b80       ?Wrap@ObjectWrap@node@@IAEXV?$Local@VObject@v8@@@v8@@@Z 1000ab80 f i zoom_node_render_addon.obj
 0001:00009c50       ?onConnect@UVIPCClientSink@@UAEXXZ 1000ac50 f i zoom_node_render_addon.obj
 0001:00009c60       ?onDisconnect@UVIPCClientSink@@UAEXXZ 1000ac60 f i zoom_node_render_addon.obj
 0001:00009c70       ?onIdle@UVIPCClientSink@@UAEXXZ 1000ac70 f i zoom_node_render_addon.obj
 0001:00009c80       ?onMessageRecvNotification@UVIPCClientSink@@UAEXPAVUVIPCMessage@@@Z 1000ac80 f i zoom_node_render_addon.obj
 0001:00009cd0       ___local_stdio_printf_options 1000acd0 f i zoom_node_render_addon.obj
 0001:00009ce0       _sprintf                   1000ace0 f i zoom_node_render_addon.obj
 0001:00009d20       ?Map2SDKDefine@@YA?AW4AnnotationClearType@ZOOMSDK@@W4ZNAnnotationClearType@@@Z 1000ad20 f   zoom_native_to_wrap.obj
 0001:00009d50       ?Map2SDKDefine@@YA?AW4AnnotationToolType@ZOOMSDK@@W4ZNAnnotationToolType@@@Z 1000ad50 f   zoom_native_to_wrap.obj
 0001:00009ea0       ?Map2SDKDefine@@YA?AW4H323DeviceType@ZOOMSDK@@W4ZNH323DeviceType@@@Z 1000aea0 f   zoom_native_to_wrap.obj
 0001:00009ef0       ?Map2SDKDefine@@YA?AW4LeaveMeetingCmd@ZOOMSDK@@W4ZNLeaveMeetingCmd@@@Z 1000aef0 f   zoom_native_to_wrap.obj
 0001:00009f20       ?Map2SDKDefine@@YA?AW4SDKCustomizedStringType@ZOOMSDK@@W4ZNSDKCustomizedStringType@@@Z 1000af20 f   zoom_native_to_wrap.obj
 0001:00009fb0       ?Map2SDKDefine@@YA?AW4SDKCustomizedURLType@ZOOMSDK@@W4ZNSDKCustomizedURLType@@@Z 1000afb0 f   zoom_native_to_wrap.obj
 0001:00009fe0       ?Map2SDKDefine@@YA?AW4SDKFloatVideoType@ZOOMSDK@@W4ZNSDKFloatVideoType@@@Z 1000afe0 f   zoom_native_to_wrap.obj
 0001:0000a030       ?Map2SDKDefine@@YA?AW4SDKMinimizeUIMode@ZOOMSDK@@W4ZNSDKMinimizeUIMode@@@Z 1000b030 f   zoom_native_to_wrap.obj
 0001:0000a080       ?Map2SDKDefine@@YA?AW4SDKUserType@ZOOMSDK@@W4ZNSDKUserType@@@Z 1000b080 f   zoom_native_to_wrap.obj
 0001:0000a0b0       ?Map2SDKDefine@@YA?AW4SDKViewType@ZOOMSDK@@W4ZNSDKViewType@@@Z 1000b0b0 f   zoom_native_to_wrap.obj
 0001:0000a0e0       ?Map2SDKDefine@@YA?AW4SDK_APP_Locale@ZOOMSDK@@W4ZNSDK_APP_Locale@@@Z 1000b0e0 f   zoom_native_to_wrap.obj
 0001:0000a110       ?Map2SDKDefine@@YA?AW4SDK_LANGUAGE_ID@ZOOMSDK@@W4ZNSDK_LANGUAGE_ID@@@Z 1000b110 f   zoom_native_to_wrap.obj
 0001:0000a1b0       ?Map2SDKDefine@@YA?AW4SettingTabPage@ZOOMSDK@@W4ZNSettingTabPage@@@Z 1000b1b0 f   zoom_native_to_wrap.obj
 0001:0000a1e0       ?Map2SDKDefine@@YA?AW4ZoomUserType@ZOOMSDK@@W4ZNZoomUserType@@@Z 1000b1e0 f   zoom_native_to_wrap.obj
 0001:0000a250       ?Map2WrapDefine@@YA?AU_ZNAccountInfo@@PAVIAccountInfo@ZOOMSDK@@@Z 1000b250 f   zoom_native_to_wrap.obj
 0001:0000a300       ?Map2WrapDefine@@YA?AW4ZNAudioCallbackActionInfo@@W4AudioCallbackActionInfo@ZOOMSDK@@@Z 1000b300 f   zoom_native_to_wrap.obj
 0001:0000a370       ?Map2WrapDefine@@YA?AW4ZNAudioStatus@@W4AudioStatus@ZOOMSDK@@@Z 1000b370 f   zoom_native_to_wrap.obj
 0001:0000a3e0       ?Map2WrapDefine@@YA?AW4ZNAudioType@@W4AudioType@ZOOMSDK@@@Z 1000b3e0 f   zoom_native_to_wrap.obj
 0001:0000a430       ?Map2WrapDefine@@YA?AW4ZNAuthResult@@W4AuthResult@ZOOMSDK@@@Z 1000b430 f   zoom_native_to_wrap.obj
 0001:0000a4c0       ?Map2WrapDefine@@YA?AW4ZNConnectionQuality@@W4ConnectionQuality@ZOOMSDK@@@Z 1000b4c0 f   zoom_native_to_wrap.obj
 0001:0000a530       ?Map2WrapDefine@@YA?AW4ZNDirectShareStatus@@W4DirectShareStatusStatus_Enum@ZOOMSDK@@@Z 1000b530 f   zoom_native_to_wrap.obj
 0001:0000a5b0       ?Map2WrapDefine@@YA?AW4ZNFreeMeetingEndingReminderType@@W4FreeMeetingEndingReminderType@IFreeMeetingEndingReminderHandler@ZOOMSDK@@@Z 1000b5b0 f   zoom_native_to_wrap.obj
 0001:0000a620       ?Map2WrapDefine@@YA?AW4ZNFreeMeetingNeedUpgradeType@@W4FreeMeetingNeedUpgradeType@IMeetingConfigurationFreeMeetingEvent@ZOOMSDK@@@Z 1000b620 f   zoom_native_to_wrap.obj
 0001:0000a650       ?Map2WrapDefine@@YA?AW4ZNH323CalloutStatus@@W4H323CalloutStatus@ZOOMSDK@@@Z 1000b650 f   zoom_native_to_wrap.obj
 0001:0000a6b0       ?Map2WrapDefine@@YA?AW4ZNH323DeviceType@@W4H323DeviceType@ZOOMSDK@@@Z 1000b6b0 f   zoom_native_to_wrap.obj
 0001:0000a700       ?Map2WrapDefine@@YA?AW4ZNLOGINSTATUS@@W4LOGINSTATUS@ZOOMSDK@@@Z 1000b700 f   zoom_native_to_wrap.obj
 0001:0000a750       ?Map2WrapDefine@@YA?AW4ZNMeetingStatus@@W4MeetingStatus@ZOOMSDK@@@Z 1000b750 f   zoom_native_to_wrap.obj
 0001:0000a840       ?Map2WrapDefine@@YA?AW4ZNMeetingType@@W4MeetingType@ZOOMSDK@@@Z 1000b840 f   zoom_native_to_wrap.obj
 0001:0000a890       ?Map2WrapDefine@@YA?AW4ZNPremeetingAPIResult@@W4PremeetingAPIResult@ZOOMSDK@@@Z 1000b890 f   zoom_native_to_wrap.obj
 0001:0000a8c0       ?Map2WrapDefine@@YA?AW4ZNRequiredInfoType@@W4RequiredInfoType@IMeetingPasswordAndScreenNameHandler@ZOOMSDK@@@Z 1000b8c0 f   zoom_native_to_wrap.obj
 0001:0000a920       ?Map2WrapDefine@@YA?AW4ZNSDKError@@W4SDKError@ZOOMSDK@@@Z 1000b920 f   zoom_native_to_wrap.obj
 0001:0000aa80       ?Map2WrapDefine@@YA?AW4ZNSMSVerificationCodeErr@@W4SMSVerificationCodeErr@@@Z 1000ba80 f   zoom_native_to_wrap.obj
 0001:0000ab10       ?Map2WrapDefine@@YA?AW4ZNSettingConnectionType@@W4SettingConnectionType@ZOOMSDK@@@Z 1000bb10 f   zoom_native_to_wrap.obj
 0001:0000ab30       ?Map2WrapDefine@@YA?AW4ZNSettingsNetWorkType@@W4SettingsNetWorkType@ZOOMSDK@@@Z 1000bb30 f   zoom_native_to_wrap.obj
 0001:0000aba0       ?Map2WrapDefine@@YA?AW4ZNShareStatus@@W4SharingStatus@ZOOMSDK@@@Z 1000bba0 f   zoom_native_to_wrap.obj
 0001:0000ac20       ?Map2WrapDefine@@YA?AW4ZNUserRole@@W4UserRole@ZOOMSDK@@@Z 1000bc20 f   zoom_native_to_wrap.obj
 0001:0000ac90       ?Map2WrapDefine@@YA?AW4ZNVideoStatus@@W4VideoStatus@ZOOMSDK@@@Z 1000bc90 f   zoom_native_to_wrap.obj
 0001:0000acc0       ?Map2WrapDefine@@YA?AW4ZNWebinarNeedRegisterType@@W4WebinarNeedRegisterType@IWebinarNeedRegisterHandler@ZOOMSDK@@@Z 1000bcc0 f   zoom_native_to_wrap.obj
 0001:0000acf0       ?Str2WStr@@YA?AV?$basic_string@_WU?$char_traits@_W@std@@V?$allocator@_W@2@@std@@ABV?$basic_string@DU?$char_traits@D@std@@V?$allocator@D@2@@2@@Z 1000bcf0 f   zoom_native_to_wrap.obj
 0001:0000ae90       ?_Copy@?$basic_string@DU?$char_traits@D@std@@V?$allocator@D@2@@std@@QAEXII@Z 1000be90 f i zoom_native_to_wrap.obj
 0001:0000af70       ?_Copy@?$basic_string@_WU?$char_traits@_W@std@@V?$allocator@_W@2@@std@@QAEXII@Z 1000bf70 f i zoom_native_to_wrap.obj
 0001:0000b050       ?allocate@?$allocator@D@std@@QAEPADI@Z 1000c050 f i zoom_native_to_wrap.obj
 0001:0000b0d0       ?allocate@?$allocator@_W@std@@QAEPA_WI@Z 1000c0d0 f i zoom_native_to_wrap.obj
 0001:0000b150       ?assign@?$basic_string@DU?$char_traits@D@std@@V?$allocator@D@2@@std@@QAEAAV12@ABV12@II@Z 1000c150 f i zoom_native_to_wrap.obj
 0001:0000b2a0       ?assign@?$basic_string@DU?$char_traits@D@std@@V?$allocator@D@2@@std@@QAEAAV12@ID@Z 1000c2a0 f i zoom_native_to_wrap.obj
 0001:0000b3a0       ?assign@?$basic_string@DU?$char_traits@D@std@@V?$allocator@D@2@@std@@QAEAAV12@PBDI@Z 1000c3a0 f i zoom_native_to_wrap.obj
 0001:0000b4d0       ?assign@?$basic_string@_WU?$char_traits@_W@std@@V?$allocator@_W@2@@std@@QAEAAV12@ABV12@II@Z 1000c4d0 f i zoom_native_to_wrap.obj
 0001:0000b630       ?assign@?$basic_string@_WU?$char_traits@_W@std@@V?$allocator@_W@2@@std@@QAEAAV12@PB_WI@Z 1000c630 f i zoom_native_to_wrap.obj
 0001:0000b770       ?deallocate@?$_Wrap_alloc@V?$allocator@D@std@@@std@@QAEXPADI@Z 1000c770 f i zoom_native_to_wrap.obj
 0001:0000b7e0       ?deallocate@?$_Wrap_alloc@V?$allocator@_W@std@@@std@@QAEXPA_WI@Z 1000c7e0 f i zoom_native_to_wrap.obj
 0001:0000b850       ?erase@?$basic_string@DU?$char_traits@D@std@@V?$allocator@D@2@@std@@QAEAAV12@II@Z 1000c850 f i zoom_native_to_wrap.obj
 0001:0000b910       ?erase@?$basic_string@_WU?$char_traits@_W@std@@V?$allocator@_W@2@@std@@QAEAAV12@II@Z 1000c910 f i zoom_native_to_wrap.obj
 0001:0000b9e0       ?wStr2Str@@YA?AV?$basic_string@DU?$char_traits@D@std@@V?$allocator@D@2@@std@@ABV?$basic_string@_WU?$char_traits@_W@std@@V?$allocator@_W@2@@2@@Z 1000c9e0 f   zoom_native_to_wrap.obj
 0001:0000ba90       ?_Chassign@?$basic_string@DU?$char_traits@D@std@@V?$allocator@D@2@@std@@QAEXIID@Z 1000ca90 f i zoom_v8_to_c.obj
 0001:0000baf0       ?_Chassign@?$basic_string@_WU?$char_traits@_W@std@@V?$allocator@_W@2@@std@@QAEXII_W@Z 1000caf0 f i zoom_v8_to_c.obj
 0001:0000bb60       ?append@?$basic_string@DU?$char_traits@D@std@@V?$allocator@D@2@@std@@QAEAAV12@ID@Z 1000cb60 f i zoom_v8_to_c.obj
 0001:0000bc30       ?append@?$basic_string@_WU?$char_traits@_W@std@@V?$allocator@_W@2@@std@@QAEAAV12@I_W@Z 1000cc30 f i zoom_v8_to_c.obj
 0001:0000bd10       ?convertV8String2Wstring@@YAXV?$Local@VString@v8@@@v8@@AAV?$basic_string@_WU?$char_traits@_W@std@@V?$allocator@_W@2@@std@@@Z 1000cd10 f   zoom_v8_to_c.obj
 0001:0000be40       ?utf8to16@@YAXPBDAAV?$basic_string@_WU?$char_traits@_W@std@@V?$allocator@_W@2@@std@@@Z 1000ce40 f   zoom_v8_to_c.obj
 0001:0000bed0       ?zoom_v8toc@@YAXV?$Local@VBoolean@v8@@@v8@@AA_N@Z 1000ced0 f   zoom_v8_to_c.obj
 0001:0000bf00       ?zoom_v8toc@@YAXV?$Local@VString@v8@@@v8@@AAV?$basic_string@_WU?$char_traits@_W@std@@V?$allocator@_W@2@@std@@@Z 1000cf00 f   zoom_v8_to_c.obj
 0001:0000bf20       ?zs2s@@YA?AV?$basic_string@DU?$char_traits@D@std@@V?$allocator@D@2@@std@@ABV?$basic_string@_WU?$char_traits@_W@std@@V?$allocator@_W@2@@2@@Z 1000cf20 f   zoom_v8_to_c.obj
 0001:0000bfd0       ??$?0V?$allocator@U?$pair@QAXPAVUVIPC@@@std@@@std@@@?$_Wrap_alloc@V?$allocator@U?$_Tree_node@U?$pair@QAXPAVUVIPC@@@std@@PAX@std@@@std@@@std@@QAE@ABV?$allocator@U?$pair@QAXPAVUVIPC@@@std@@@1@@Z 1000cfd0 f i uv_ipc_common.obj
 0001:0000bfe0       ??$_Insert@ABQAVUVIPCMessage@@@?$list@PAVUVIPCMessage@@V?$allocator@PAVUVIPCMessage@@@std@@@std@@QAEXV?$_List_unchecked_const_iterator@V?$_List_val@U?$_List_simple_types@PAVUVIPCMessage@@@std@@@std@@U_Iterator_base0@2@@1@ABQAVUVIPCMessage@@@Z 1000cfe0 f i uv_ipc_common.obj
 0001:0000c080       ??$_Insert_at@AAU?$pair@QAXPAVUVIPC@@@std@@PAU?$_Tree_node@U?$pair@QAXPAVUVIPC@@@std@@PAX@2@@?$_Tree@V?$_Tmap_traits@PAXPAVUVIPC@@U?$less@PAX@std@@V?$allocator@U?$pair@QAXPAVUVIPC@@@std@@@3@$0A@@std@@@std@@IAE?AV?$_Tree_iterator@V?$_Tree_val@U?$_Tree_simple_types@U?$pair@QAXPAVUVIPC@@@std@@@std@@@std@@@1@_NPAU?$_Tree_node@U?$pair@QAXPAVUVIPC@@@std@@PAX@1@AAU?$pair@QAXPAVUVIPC@@@1@1@Z 1000d080 f i uv_ipc_common.obj
 0001:0000c290       ??$_Insert_nohint@AAU?$pair@QAXPAVUVIPC@@@std@@PAU?$_Tree_node@U?$pair@QAXPAVUVIPC@@@std@@PAX@2@@?$_Tree@V?$_Tmap_traits@PAXPAVUVIPC@@U?$less@PAX@std@@V?$allocator@U?$pair@QAXPAVUVIPC@@@std@@@3@$0A@@std@@@std@@IAE?AU?$pair@V?$_Tree_iterator@V?$_Tree_val@U?$_Tree_simple_types@U?$pair@QAXPAVUVIPC@@@std@@@std@@@std@@@std@@_N@1@_NAAU?$pair@QAXPAVUVIPC@@@1@PAU?$_Tree_node@U?$pair@QAXPAVUVIPC@@@std@@PAX@1@@Z 1000d290 f i uv_ipc_common.obj
 0001:0000c3a0       ??$destroy@PAU?$_Tree_node@U?$pair@QAXPAVUVIPC@@@std@@PAX@std@@@?$_Wrap_alloc@V?$allocator@U?$_Tree_node@U?$pair@QAXPAVUVIPC@@@std@@PAX@std@@@std@@@std@@QAEXPAPAU?$_Tree_node@U?$pair@QAXPAVUVIPC@@@std@@PAX@1@@Z 1000d3a0 f i uv_ipc_common.obj
 0001:0000c3b0       ??$insert@U?$pair@PAXPAVUVIPC@@@std@@@?$_Tree@V?$_Tmap_traits@PAXPAVUVIPC@@U?$less@PAX@std@@V?$allocator@U?$pair@QAXPAVUVIPC@@@std@@@3@$0A@@std@@@std@@QAE?AU?$pair@V?$_Tree_iterator@V?$_Tree_val@U?$_Tree_simple_types@U?$pair@QAXPAVUVIPC@@@std@@@std@@@std@@@std@@_N@1@$$QAU?$pair@PAXPAVUVIPC@@@1@@Z 1000d3b0 f i uv_ipc_common.obj
 0001:0000c430       ??0UVIPC@@QAE@XZ           1000d430 f   uv_ipc_common.obj
 0001:0000c530       ??0UVIPCMessage@@QAE@PBDH_N@Z 1000d530 f   uv_ipc_common.obj
 0001:0000c600       ??1?$list@PAVUVIPCMessage@@V?$allocator@PAVUVIPCMessage@@@std@@@std@@QAE@XZ 1000d600 f i uv_ipc_common.obj
 0001:0000c650       ??1UVIPC@@UAE@XZ           1000d650 f   uv_ipc_common.obj
 0001:0000c720       ??1UVIPCLocker@@UAE@XZ     1000d720 f i uv_ipc_common.obj
 0001:0000c740       ??1UVIPCMessage@@MAE@XZ    1000d740 f   uv_ipc_common.obj
 0001:0000c770       ??E?$_Tree_unchecked_const_iterator@V?$_Tree_val@U?$_Tree_simple_types@U?$pair@QAXPAVUVIPC@@@std@@@std@@@std@@U_Iterator_base0@2@@std@@QAEAAV01@XZ 1000d770 f i uv_ipc_common.obj
 0001:0000c7e0       ??F?$_Tree_unchecked_const_iterator@V?$_Tree_val@U?$_Tree_simple_types@U?$pair@QAXPAVUVIPC@@@std@@@std@@@std@@U_Iterator_base0@2@@std@@QAEAAV01@XZ 1000d7e0 f i uv_ipc_common.obj
 0001:0000c860       ??_GUVIPC@@UAEPAXI@Z       1000d860 f i uv_ipc_common.obj
 0001:0000c860       ??_EUVIPC@@UAEPAXI@Z       1000d860 f i uv_ipc_common.obj
 0001:0000c890       ??_EUVIPCLocker@@UAEPAXI@Z 1000d890 f i uv_ipc_common.obj
 0001:0000c890       ??_GUVIPCLocker@@UAEPAXI@Z 1000d890 f i uv_ipc_common.obj
 0001:0000c8d0       ??_EUVIPCMessage@@MAEPAXI@Z 1000d8d0 f i uv_ipc_common.obj
 0001:0000c8d0       ??_GUVIPCMessage@@MAEPAXI@Z 1000d8d0 f i uv_ipc_common.obj
 0001:0000c920       ?AddRef@UVIPCMessage@@UAE_NXZ 1000d920 f i uv_ipc_common.obj
 0001:0000c940       ?GetBuf@UVIPCMessage@@QAEPADXZ 1000d940 f   uv_ipc_common.obj
 0001:0000c950       ?GetLen@UVIPCMessage@@QAEHXZ 1000d950 f   uv_ipc_common.obj
 0001:0000c960       ?GetRealBuf@UVIPCMessage@@QAEPADXZ 1000d960 f   uv_ipc_common.obj
 0001:0000c980       ?GetRealLen@UVIPCMessage@@QAEHXZ 1000d980 f   uv_ipc_common.obj
 0001:0000c9a0       ?IsRunning@UVIPC@@QAE_N_N@Z 1000d9a0 f   uv_ipc_common.obj
 0001:0000c9d0       ?Lock@UVIPCLocker@@QAEX_N@Z 1000d9d0 f   uv_ipc_common.obj
 0001:0000ca00       ?Release@UVIPCMessage@@UAEHXZ 1000da00 f i uv_ipc_common.obj
 0001:0000ca30       ?SendMessageA@UVIPC@@QAE_NPAVUVIPCMessage@@@Z 1000da30 f   uv_ipc_common.obj
 0001:0000ca90       ?SendMessageA@UVIPC@@QAE_NPBDH@Z 1000da90 f   uv_ipc_common.obj
 0001:0000cb40       ?Start@UVIPC@@QAE_NPAD_NPAUuv_loop_s@@PAVUVIPCSink@@@Z 1000db40 f   uv_ipc_common.obj
 0001:0000ccf0       ?StartWithClient@UVIPC@@AAE_NPAD_NPAUuv_loop_s@@@Z 1000dcf0 f   uv_ipc_common.obj
 0001:0000cd80       ?StartWithServer@UVIPC@@AAE_NPAD_NPAUuv_loop_s@@@Z 1000dd80 f   uv_ipc_common.obj
 0001:0000ce30       ?Stop@UVIPC@@QAE_NXZ       1000de30 f   uv_ipc_common.obj
 0001:0000cf80       ?Unlock@UVIPCLocker@@QAEX_N@Z 1000df80 f   uv_ipc_common.obj
 0001:0000cfb0       ?_Erase@?$_Tree@V?$_Tmap_traits@PAXPAVUVIPC@@U?$less@PAX@std@@V?$allocator@U?$pair@QAXPAVUVIPC@@@std@@@3@$0A@@std@@@std@@IAEXPAU?$_Tree_node@U?$pair@QAXPAVUVIPC@@@std@@PAX@2@@Z 1000dfb0 f i uv_ipc_common.obj
 0001:0000d000       ?_Lrotate@?$_Tree@V?$_Tmap_traits@PAXPAVUVIPC@@U?$less@PAX@std@@V?$allocator@U?$pair@QAXPAVUVIPC@@@std@@@3@$0A@@std@@@std@@IAEXPAU?$_Tree_node@U?$pair@QAXPAVUVIPC@@@std@@PAX@2@@Z 1000e000 f i uv_ipc_common.obj
 0001:0000d070       ?_Rrotate@?$_Tree@V?$_Tmap_traits@PAXPAVUVIPC@@U?$less@PAX@std@@V?$allocator@U?$pair@QAXPAVUVIPC@@@std@@@3@$0A@@std@@@std@@IAEXPAU?$_Tree_node@U?$pair@QAXPAVUVIPC@@@std@@PAX@2@@Z 1000e070 f i uv_ipc_common.obj
 0001:0000d0e0       ?alloc_buffer_for_uv_pipe@@YAXPAUuv_handle_s@@IPAUuv_buf_t@@@Z 1000e0e0 f   uv_ipc_common.obj
 0001:0000d100       ?clear@?$_Tree@V?$_Tmap_traits@PAXPAVUVIPC@@U?$less@PAX@std@@V?$allocator@U?$pair@QAXPAVUVIPC@@@std@@@3@$0A@@std@@@std@@QAEXXZ 1000e100 f i uv_ipc_common.obj
 0001:0000d160       ?erase@?$_Tree@V?$_Tmap_traits@PAXPAVUVIPC@@U?$less@PAX@std@@V?$allocator@U?$pair@QAXPAVUVIPC@@@std@@@3@$0A@@std@@@std@@QAE?AV?$_Tree_iterator@V?$_Tree_val@U?$_Tree_simple_types@U?$pair@QAXPAVUVIPC@@@std@@@std@@@std@@@2@V?$_Tree_const_iterator@V?$_Tree_val@U?$_Tree_simple_types@U?$pair@QAXPAVUVIPC@@@std@@@std@@@std@@@2@0@Z 1000e160 f i uv_ipc_common.obj
 0001:0000d230       ?erase@?$_Tree@V?$_Tmap_traits@PAXPAVUVIPC@@U?$less@PAX@std@@V?$allocator@U?$pair@QAXPAVUVIPC@@@std@@@3@$0A@@std@@@std@@QAE?AV?$_Tree_iterator@V?$_Tree_val@U?$_Tree_simple_types@U?$pair@QAXPAVUVIPC@@@std@@@std@@@std@@@2@V?$_Tree_const_iterator@V?$_Tree_val@U?$_Tree_simple_types@U?$pair@QAXPAVUVIPC@@@std@@@std@@@std@@@2@@Z 1000e230 f i uv_ipc_common.obj
 0001:0000d500       ?on_pipe_client_connection_cb@@YAXPAUuv_stream_s@@H@Z 1000e500 f   uv_ipc_common.obj
 0001:0000d530       ?on_pipe_data_read_cb@@YAXPAUuv_stream_s@@HPBUuv_buf_t@@@Z 1000e530 f   uv_ipc_common.obj
 0001:0000d5c0       ?on_server_connected_cb@@YAXPAUuv_connect_s@@H@Z 1000e5c0 f   uv_ipc_common.obj
 0001:0000d5f0       ?on_write_data_cb@@YAXPAUuv_write_s@@H@Z 1000e5f0 f   uv_ipc_common.obj
 0001:0000d630       ?uv_cb_client_connection_notify@UVIPC@@AAEXPAUuv_stream_s@@H@Z 1000e630 f   uv_ipc_common.obj
 0001:0000d740       ?uv_cb_ipc_timer@UVIPC@@AAEXPAUuv_timer_s@@@Z 1000e740 f   uv_ipc_common.obj
 0001:0000d950       ?uv_cb_pipe_data_read@UVIPC@@AAEXPAUuv_stream_s@@HPBUuv_buf_t@@@Z 1000e950 f   uv_ipc_common.obj
 0001:0000daf0       ?uv_cb_pipe_data_write@UVIPC@@AAEXPAUuv_write_s@@H@Z 1000eaf0 f   uv_ipc_common.obj
 0001:0000db00       ?uv_cb_server_connected_notify@UVIPC@@AAEXPAUuv_connect_s@@H@Z 1000eb00 f   uv_ipc_common.obj
 0001:0000dc30       ?uv_ipc_timer_cb@@YAXPAUuv_timer_s@@@Z 1000ec30 f   uv_ipc_common.obj
 0001:0000dc8a       _WideCharToMultiByte@32    1000ec8a f   kernel32:KERNEL32.dll
 0001:0000dc90       _MultiByteToWideChar@24    1000ec90 f   kernel32:KERNEL32.dll
 0001:0000dc96       _GetModuleHandleA@4        1000ec96 f   kernel32:KERNEL32.dll
 0001:0000dc9c       __imp_load_??0HandleScope@v8@@QAE@PAVIsolate@1@@Z 1000ec9c f   node:node.exe
 0001:0000dca6       __tailMerge_node_exe       1000eca6 f i node:node.exe
 0001:0000dcb7       ??0HandleScope@v8@@QAE@PAVIsolate@1@@Z 1000ecb7 f   node:node.exe
 0001:0000dcbd       __imp_load_??1HandleScope@v8@@QAE@XZ 1000ecbd f   node:node.exe
 0001:0000dcc7       ??1HandleScope@v8@@QAE@XZ  1000ecc7 f   node:node.exe
 0001:0000dccd       __imp_load_?CreateHandle@HandleScope@v8@@KAPAIPAVIsolate@internal@2@I@Z 1000eccd f   node:node.exe
 0001:0000dcd7       ?CreateHandle@HandleScope@v8@@KAPAIPAVIsolate@internal@2@I@Z 1000ecd7 f   node:node.exe
 0001:0000dcdd       __imp_load_?IsFunction@Value@v8@@QBE_NXZ 1000ecdd f   node:node.exe
 0001:0000dce7       ?IsFunction@Value@v8@@QBE_NXZ 1000ece7 f   node:node.exe
 0001:0000dced       __imp_load_?NewFromUtf8@String@v8@@SA?AV?$MaybeLocal@VString@v8@@@2@PAVIsolate@2@PBDW4NewStringType@2@H@Z 1000eced f   node:node.exe
 0001:0000dcf7       ?NewFromUtf8@String@v8@@SA?AV?$MaybeLocal@VString@v8@@@2@PAVIsolate@2@PBDW4NewStringType@2@H@Z 1000ecf7 f   node:node.exe
 0001:0000dcfd       __imp_load_?New@Integer@v8@@SA?AV?$Local@VInteger@v8@@@2@PAVIsolate@2@H@Z 1000ecfd f   node:node.exe
 0001:0000dd07       ?New@Integer@v8@@SA?AV?$Local@VInteger@v8@@@2@PAVIsolate@2@H@Z 1000ed07 f   node:node.exe
 0001:0000dd0d       __imp_load_?Set@Object@v8@@QAE?AV?$Maybe@_N@2@V?$Local@VContext@v8@@@2@V?$Local@VValue@v8@@@2@1@Z 1000ed0d f   node:node.exe
 0001:0000dd17       ?Set@Object@v8@@QAE?AV?$Maybe@_N@2@V?$Local@VContext@v8@@@2@V?$Local@VValue@v8@@@2@1@Z 1000ed17 f   node:node.exe
 0001:0000dd1d       __imp_load_?InternalFieldCount@Object@v8@@QAEHXZ 1000ed1d f   node:node.exe
 0001:0000dd27       ?InternalFieldCount@Object@v8@@QAEHXZ 1000ed27 f   node:node.exe
 0001:0000dd2d       __imp_load_?SetAlignedPointerInInternalField@Object@v8@@QAEXHPAX@Z 1000ed2d f   node:node.exe
 0001:0000dd37       ?SetAlignedPointerInInternalField@Object@v8@@QAEXHPAX@Z 1000ed37 f   node:node.exe
 0001:0000dd3d       __imp_load_?GetIsolate@Object@v8@@QAEPAVIsolate@2@XZ 1000ed3d f   node:node.exe
 0001:0000dd47       ?GetIsolate@Object@v8@@QAEPAVIsolate@2@XZ 1000ed47 f   node:node.exe
 0001:0000dd4d       __imp_load_?NewInstance@Function@v8@@QBE?AV?$MaybeLocal@VObject@v8@@@2@V?$Local@VContext@v8@@@2@HQAV?$Local@VValue@v8@@@2@@Z 1000ed4d f   node:node.exe
 0001:0000dd57       ?NewInstance@Function@v8@@QBE?AV?$MaybeLocal@VObject@v8@@@2@V?$Local@VContext@v8@@@2@HQAV?$Local@VValue@v8@@@2@@Z 1000ed57 f   node:node.exe
 0001:0000dd5d       __imp_load_?Call@Function@v8@@QAE?AV?$MaybeLocal@VValue@v8@@@2@V?$Local@VContext@v8@@@2@V?$Local@VValue@v8@@@2@HQAV52@@Z 1000ed5d f   node:node.exe
 0001:0000dd67       ?Call@Function@v8@@QAE?AV?$MaybeLocal@VValue@v8@@@2@V?$Local@VContext@v8@@@2@V?$Local@VValue@v8@@@2@HQAV52@@Z 1000ed67 f   node:node.exe
 0001:0000dd6d       __imp_load_?SetName@Function@v8@@QAEXV?$Local@VString@v8@@@2@@Z 1000ed6d f   node:node.exe
 0001:0000dd77       ?SetName@Function@v8@@QAEXV?$Local@VString@v8@@@2@@Z 1000ed77 f   node:node.exe
 0001:0000dd7d       __imp_load_?New@ArrayBuffer@v8@@SA?AV?$Local@VArrayBuffer@v8@@@2@PAVIsolate@2@PAXIW4ArrayBufferCreationMode@2@@Z 1000ed7d f   node:node.exe
 0001:0000dd87       ?New@ArrayBuffer@v8@@SA?AV?$Local@VArrayBuffer@v8@@@2@PAVIsolate@2@PAXIW4ArrayBufferCreationMode@2@@Z 1000ed87 f   node:node.exe
 0001:0000dd8d       __imp_load_?New@Uint8Array@v8@@SA?AV?$Local@VUint8Array@v8@@@2@V?$Local@VArrayBuffer@v8@@@2@II@Z 1000ed8d f   node:node.exe
 0001:0000dd97       ?New@Uint8Array@v8@@SA?AV?$Local@VUint8Array@v8@@@2@V?$Local@VArrayBuffer@v8@@@2@II@Z 1000ed97 f   node:node.exe
 0001:0000dd9d       __imp_load_?New@BigUint64Array@v8@@SA?AV?$Local@VBigUint64Array@v8@@@2@V?$Local@VArrayBuffer@v8@@@2@II@Z 1000ed9d f   node:node.exe
 0001:0000dda7       ?New@BigUint64Array@v8@@SA?AV?$Local@VBigUint64Array@v8@@@2@V?$Local@VArrayBuffer@v8@@@2@II@Z 1000eda7 f   node:node.exe
 0001:0000ddad       __imp_load_?Set@Template@v8@@QAEXV?$Local@VName@v8@@@2@V?$Local@VData@v8@@@2@W4PropertyAttribute@2@@Z 1000edad f   node:node.exe
 0001:0000ddb7       ?Set@Template@v8@@QAEXV?$Local@VName@v8@@@2@V?$Local@VData@v8@@@2@W4PropertyAttribute@2@@Z 1000edb7 f   node:node.exe
 0001:0000ddbd       __imp_load_?New@FunctionTemplate@v8@@SA?AV?$Local@VFunctionTemplate@v8@@@2@PAVIsolate@2@P6AXABV?$FunctionCallbackInfo@VValue@v8@@@2@@ZV?$Local@VValue@v8@@@2@V?$Local@VSignature@v8@@@2@HW4ConstructorBehavior@2@W4SideEffectType@2@@Z 1000edbd f   node:node.exe
 0001:0000ddc7       ?New@FunctionTemplate@v8@@SA?AV?$Local@VFunctionTemplate@v8@@@2@PAVIsolate@2@P6AXABV?$FunctionCallbackInfo@VValue@v8@@@2@@ZV?$Local@VValue@v8@@@2@V?$Local@VSignature@v8@@@2@HW4ConstructorBehavior@2@W4SideEffectType@2@@Z 1000edc7 f   node:node.exe
 0001:0000ddcd       __imp_load_?GetFunction@FunctionTemplate@v8@@QAE?AV?$MaybeLocal@VFunction@v8@@@2@V?$Local@VContext@v8@@@2@@Z 1000edcd f   node:node.exe
 0001:0000ddd7       ?GetFunction@FunctionTemplate@v8@@QAE?AV?$MaybeLocal@VFunction@v8@@@2@V?$Local@VContext@v8@@@2@@Z 1000edd7 f   node:node.exe
 0001:0000dddd       __imp_load_?InstanceTemplate@FunctionTemplate@v8@@QAE?AV?$Local@VObjectTemplate@v8@@@2@XZ 1000eddd f   node:node.exe
 0001:0000dde7       ?InstanceTemplate@FunctionTemplate@v8@@QAE?AV?$Local@VObjectTemplate@v8@@@2@XZ 1000ede7 f   node:node.exe
 0001:0000dded       __imp_load_?PrototypeTemplate@FunctionTemplate@v8@@QAE?AV?$Local@VObjectTemplate@v8@@@2@XZ 1000eded f   node:node.exe
 0001:0000ddf7       ?PrototypeTemplate@FunctionTemplate@v8@@QAE?AV?$Local@VObjectTemplate@v8@@@2@XZ 1000edf7 f   node:node.exe
 0001:0000ddfd       __imp_load_?SetClassName@FunctionTemplate@v8@@QAEXV?$Local@VString@v8@@@2@@Z 1000edfd f   node:node.exe
 0001:0000de07       ?SetClassName@FunctionTemplate@v8@@QAEXV?$Local@VString@v8@@@2@@Z 1000ee07 f   node:node.exe
 0001:0000de0d       __imp_load_?SetInternalFieldCount@ObjectTemplate@v8@@QAEXH@Z 1000ee0d f   node:node.exe
 0001:0000de17       ?SetInternalFieldCount@ObjectTemplate@v8@@QAEXH@Z 1000ee17 f   node:node.exe
 0001:0000de1d       __imp_load_?New@Signature@v8@@SA?AV?$Local@VSignature@v8@@@2@PAVIsolate@2@V?$Local@VFunctionTemplate@v8@@@2@@Z 1000ee1d f   node:node.exe
 0001:0000de27       ?New@Signature@v8@@SA?AV?$Local@VSignature@v8@@@2@PAVIsolate@2@V?$Local@VFunctionTemplate@v8@@@2@@Z 1000ee27 f   node:node.exe
 0001:0000de2d       __imp_load_?TypeError@Exception@v8@@SA?AV?$Local@VValue@v8@@@2@V?$Local@VString@v8@@@2@@Z 1000ee2d f   node:node.exe
 0001:0000de37       ?TypeError@Exception@v8@@SA?AV?$Local@VValue@v8@@@2@V?$Local@VString@v8@@@2@@Z 1000ee37 f   node:node.exe
 0001:0000de3d       __imp_load_?GetCurrent@Isolate@v8@@SAPAV12@XZ 1000ee3d f   node:node.exe
 0001:0000de47       ?GetCurrent@Isolate@v8@@SAPAV12@XZ 1000ee47 f   node:node.exe
 0001:0000de4d       __imp_load_?GetCurrentContext@Isolate@v8@@QAE?AV?$Local@VContext@v8@@@2@XZ 1000ee4d f   node:node.exe
 0001:0000de57       ?GetCurrentContext@Isolate@v8@@QAE?AV?$Local@VContext@v8@@@2@XZ 1000ee57 f   node:node.exe
 0001:0000de5d       __imp_load_?ThrowException@Isolate@v8@@QAE?AV?$Local@VValue@v8@@@2@V32@@Z 1000ee5d f   node:node.exe
 0001:0000de67       ?ThrowException@Isolate@v8@@QAE?AV?$Local@VValue@v8@@@2@V32@@Z 1000ee67 f   node:node.exe
 0001:0000de6d       __imp_load_?GlobalizeReference@V8@v8@@CAPAIPAVIsolate@internal@2@PAI@Z 1000ee6d f   node:node.exe
 0001:0000de77       ?GlobalizeReference@V8@v8@@CAPAIPAVIsolate@internal@2@PAI@Z 1000ee77 f   node:node.exe
 0001:0000de7d       __imp_load_?CopyPersistent@V8@v8@@CAPAIPAI@Z 1000ee7d f   node:node.exe
 0001:0000de87       ?CopyPersistent@V8@v8@@CAPAIPAI@Z 1000ee87 f   node:node.exe
 0001:0000de8d       __imp_load_?DisposeGlobal@V8@v8@@CAXPAI@Z 1000ee8d f   node:node.exe
 0001:0000de97       ?DisposeGlobal@V8@v8@@CAXPAI@Z 1000ee97 f   node:node.exe
 0001:0000de9d       __imp_load_?MakeWeak@V8@v8@@CAXPAIPAXP6AXABV?$WeakCallbackInfo@X@2@@ZW4WeakCallbackType@2@@Z 1000ee9d f   node:node.exe
 0001:0000dea7       ?MakeWeak@V8@v8@@CAXPAIPAXP6AXABV?$WeakCallbackInfo@X@2@@ZW4WeakCallbackType@2@@Z 1000eea7 f   node:node.exe
 0001:0000dead       __imp_load_?ClearWeak@V8@v8@@CAPAXPAI@Z 1000eead f   node:node.exe
 0001:0000deb7       ?ClearWeak@V8@v8@@CAPAXPAI@Z 1000eeb7 f   node:node.exe
 0001:0000debd       __imp_load_?FromJustIsNothing@V8@v8@@CAXXZ 1000eebd f   node:node.exe
 0001:0000dec7       ?FromJustIsNothing@V8@v8@@CAXXZ 1000eec7 f   node:node.exe
 0001:0000decd       __imp_load_?ToLocalEmpty@V8@v8@@CAXXZ 1000eecd f   node:node.exe
 0001:0000ded7       ?ToLocalEmpty@V8@v8@@CAXXZ 1000eed7 f   node:node.exe
 0001:0000dedd       __imp_load_?Global@Context@v8@@QAE?AV?$Local@VObject@v8@@@2@XZ 1000eedd f   node:node.exe
 0001:0000dee7       ?Global@Context@v8@@QAE?AV?$Local@VObject@v8@@@2@XZ 1000eee7 f   node:node.exe
 0001:0000deed       __imp_load__node_module_register 1000eeed f   node:node.exe
 0001:0000def7       _node_module_register      1000eef7 f   node:node.exe
 0001:0000defd       __imp_load__uv_default_loop 1000eefd f   node:node.exe
 0001:0000df07       _uv_default_loop           1000ef07 f   node:node.exe
 0001:0000df0d       __imp_load__uv_run         1000ef0d f   node:node.exe
 0001:0000df17       _uv_run                    1000ef17 f   node:node.exe
 0001:0000df1d       __imp_load_?BooleanValue@Value@v8@@QBE_NXZ 1000ef1d f   node:node.exe
 0001:0000df27       ?BooleanValue@Value@v8@@QBE_NXZ 1000ef27 f   node:node.exe
 0001:0000df2d       __imp_load_?Utf8Length@String@v8@@QBEHXZ 1000ef2d f   node:node.exe
 0001:0000df37       ?Utf8Length@String@v8@@QBEHXZ 1000ef37 f   node:node.exe
 0001:0000df3d       __imp_load_?Utf8Length@String@v8@@QBEHPAVIsolate@2@@Z 1000ef3d f   node:node.exe
 0001:0000df47       ?Utf8Length@String@v8@@QBEHPAVIsolate@2@@Z 1000ef47 f   node:node.exe
 0001:0000df4d       __imp_load_?WriteUtf8@String@v8@@QBEHPAVIsolate@2@PADHPAHH@Z 1000ef4d f   node:node.exe
 0001:0000df57       ?WriteUtf8@String@v8@@QBEHPAVIsolate@2@PADHPAHH@Z 1000ef57 f   node:node.exe
 0001:0000df5d       __imp_load__uv_close       1000ef5d f   node:node.exe
 0001:0000df67       _uv_close                  1000ef67 f   node:node.exe
 0001:0000df6d       __imp_load__uv_listen      1000ef6d f   node:node.exe
 0001:0000df77       _uv_listen                 1000ef77 f   node:node.exe
 0001:0000df7d       __imp_load__uv_accept      1000ef7d f   node:node.exe
 0001:0000df87       _uv_accept                 1000ef87 f   node:node.exe
 0001:0000df8d       __imp_load__uv_read_start  1000ef8d f   node:node.exe
 0001:0000df97       _uv_read_start             1000ef97 f   node:node.exe
 0001:0000df9d       __imp_load__uv_read_stop   1000ef9d f   node:node.exe
 0001:0000dfa7       _uv_read_stop              1000efa7 f   node:node.exe
 0001:0000dfad       __imp_load__uv_write       1000efad f   node:node.exe
 0001:0000dfb7       _uv_write                  1000efb7 f   node:node.exe
 0001:0000dfbd       __imp_load__uv_pipe_init   1000efbd f   node:node.exe
 0001:0000dfc7       _uv_pipe_init              1000efc7 f   node:node.exe
 0001:0000dfcd       __imp_load__uv_pipe_bind   1000efcd f   node:node.exe
 0001:0000dfd7       _uv_pipe_bind              1000efd7 f   node:node.exe
 0001:0000dfdd       __imp_load__uv_pipe_connect 1000efdd f   node:node.exe
 0001:0000dfe7       _uv_pipe_connect           1000efe7 f   node:node.exe
 0001:0000dfed       __imp_load__uv_timer_init  1000efed f   node:node.exe
 0001:0000dff7       _uv_timer_init             1000eff7 f   node:node.exe
 0001:0000dffd       __imp_load__uv_timer_start 1000effd f   node:node.exe
 0001:0000e007       _uv_timer_start            1000f007 f   node:node.exe
 0001:0000e00d       __imp_load__uv_rwlock_init 1000f00d f   node:node.exe
 0001:0000e017       _uv_rwlock_init            1000f017 f   node:node.exe
 0001:0000e01d       __imp_load__uv_rwlock_destroy 1000f01d f   node:node.exe
 0001:0000e027       _uv_rwlock_destroy         1000f027 f   node:node.exe
 0001:0000e02d       __imp_load__uv_rwlock_rdlock 1000f02d f   node:node.exe
 0001:0000e037       _uv_rwlock_rdlock          1000f037 f   node:node.exe
 0001:0000e03d       __imp_load__uv_rwlock_rdunlock 1000f03d f   node:node.exe
 0001:0000e047       _uv_rwlock_rdunlock        1000f047 f   node:node.exe
 0001:0000e04d       __imp_load__uv_rwlock_wrlock 1000f04d f   node:node.exe
 0001:0000e057       _uv_rwlock_wrlock          1000f057 f   node:node.exe
 0001:0000e05d       __imp_load__uv_rwlock_wrunlock 1000f05d f   node:node.exe
 0001:0000e067       _uv_rwlock_wrunlock        1000f067 f   node:node.exe
 0001:0000e06d       ??0bad_alloc@std@@QAE@ABV01@@Z 1000f06d f i libcpmt:xthrow.obj
 0001:0000e096       ??0bad_alloc@std@@QAE@XZ   1000f096 f i libcpmt:xthrow.obj
 0001:0000e0b4       ??0bad_function_call@std@@QAE@ABV01@@Z 1000f0b4 f i libcpmt:xthrow.obj
 0001:0000e0dd       ??0bad_function_call@std@@QAE@XZ 1000f0dd f i libcpmt:xthrow.obj
 0001:0000e0f2       ??0exception@std@@QAE@ABV01@@Z 1000f0f2 f i libcpmt:xthrow.obj
 0001:0000e129       ??0exception@std@@QAE@QBD@Z 1000f129 f i libcpmt:xthrow.obj
 0001:0000e16d       ??0exception@std@@QAE@QBDH@Z 1000f16d f i libcpmt:xthrow.obj
 0001:0000e191       ??0exception@std@@QAE@XZ   1000f191 f i libcpmt:xthrow.obj
 0001:0000e1a6       ??0invalid_argument@std@@QAE@ABV01@@Z 1000f1a6 f i libcpmt:xthrow.obj
 0001:0000e1cf       ??0invalid_argument@std@@QAE@PBD@Z 1000f1cf f i libcpmt:xthrow.obj
 0001:0000e1f8       ??0length_error@std@@QAE@ABV01@@Z 1000f1f8 f i libcpmt:xthrow.obj
 0001:0000e221       ??0length_error@std@@QAE@PBD@Z 1000f221 f i libcpmt:xthrow.obj
 0001:0000e24a       ??0logic_error@std@@QAE@ABV01@@Z 1000f24a f i libcpmt:xthrow.obj
 0001:0000e273       ??0logic_error@std@@QAE@PBD@Z 1000f273 f i libcpmt:xthrow.obj
 0001:0000e29c       ??0out_of_range@std@@QAE@ABV01@@Z 1000f29c f i libcpmt:xthrow.obj
 0001:0000e2c5       ??0out_of_range@std@@QAE@PBD@Z 1000f2c5 f i libcpmt:xthrow.obj
 0001:0000e2ee       ??0overflow_error@std@@QAE@ABV01@@Z 1000f2ee f i libcpmt:xthrow.obj
 0001:0000e317       ??0overflow_error@std@@QAE@PBD@Z 1000f317 f i libcpmt:xthrow.obj
 0001:0000e340       ??0regex_error@std@@QAE@ABV01@@Z 1000f340 f i libcpmt:xthrow.obj
 0001:0000e374       ??0regex_error@std@@QAE@W4error_type@regex_constants@1@@Z 1000f374 f i libcpmt:xthrow.obj
 0001:0000e3b0       ??0runtime_error@std@@QAE@ABV01@@Z 1000f3b0 f i libcpmt:xthrow.obj
 0001:0000e3d9       ??0runtime_error@std@@QAE@PBD@Z 1000f3d9 f i libcpmt:xthrow.obj
 0001:0000e402       ??1bad_alloc@std@@UAE@XZ   1000f402 f i libcpmt:xthrow.obj
 0001:0000e417       ??1bad_function_call@std@@UAE@XZ 1000f417 f i libcpmt:xthrow.obj
 0001:0000e42c       ??1exception@std@@UAE@XZ   1000f42c f i libcpmt:xthrow.obj
 0001:0000e441       ??1invalid_argument@std@@UAE@XZ 1000f441 f i libcpmt:xthrow.obj
 0001:0000e456       ??1length_error@std@@UAE@XZ 1000f456 f i libcpmt:xthrow.obj
 0001:0000e46b       ??1logic_error@std@@UAE@XZ 1000f46b f i libcpmt:xthrow.obj
 0001:0000e480       ??1out_of_range@std@@UAE@XZ 1000f480 f i libcpmt:xthrow.obj
 0001:0000e495       ??1overflow_error@std@@UAE@XZ 1000f495 f i libcpmt:xthrow.obj
 0001:0000e4aa       ??1regex_error@std@@UAE@XZ 1000f4aa f i libcpmt:xthrow.obj
 0001:0000e4bf       ??1runtime_error@std@@UAE@XZ 1000f4bf f i libcpmt:xthrow.obj
 0001:0000e4d4       ??_Gbad_alloc@std@@UAEPAXI@Z 1000f4d4 f i libcpmt:xthrow.obj
 0001:0000e4d4       ??_Ebad_alloc@std@@UAEPAXI@Z 1000f4d4 f i libcpmt:xthrow.obj
 0001:0000e50c       ??_Ebad_function_call@std@@UAEPAXI@Z 1000f50c f i libcpmt:xthrow.obj
 0001:0000e50c       ??_Gbad_function_call@std@@UAEPAXI@Z 1000f50c f i libcpmt:xthrow.obj
 0001:0000e544       ??_Gexception@std@@UAEPAXI@Z 1000f544 f i libcpmt:xthrow.obj
 0001:0000e544       ??_Eexception@std@@UAEPAXI@Z 1000f544 f i libcpmt:xthrow.obj
 0001:0000e57c       ??_Einvalid_argument@std@@UAEPAXI@Z 1000f57c f i libcpmt:xthrow.obj
 0001:0000e57c       ??_Ginvalid_argument@std@@UAEPAXI@Z 1000f57c f i libcpmt:xthrow.obj
 0001:0000e5b4       ??_Glength_error@std@@UAEPAXI@Z 1000f5b4 f i libcpmt:xthrow.obj
 0001:0000e5b4       ??_Elength_error@std@@UAEPAXI@Z 1000f5b4 f i libcpmt:xthrow.obj
 0001:0000e5ec       ??_Glogic_error@std@@UAEPAXI@Z 1000f5ec f i libcpmt:xthrow.obj
 0001:0000e5ec       ??_Elogic_error@std@@UAEPAXI@Z 1000f5ec f i libcpmt:xthrow.obj
 0001:0000e624       ??_Gout_of_range@std@@UAEPAXI@Z 1000f624 f i libcpmt:xthrow.obj
 0001:0000e624       ??_Eout_of_range@std@@UAEPAXI@Z 1000f624 f i libcpmt:xthrow.obj
 0001:0000e65c       ??_Eoverflow_error@std@@UAEPAXI@Z 1000f65c f i libcpmt:xthrow.obj
 0001:0000e65c       ??_Goverflow_error@std@@UAEPAXI@Z 1000f65c f i libcpmt:xthrow.obj
 0001:0000e694       ??_Eregex_error@std@@UAEPAXI@Z 1000f694 f i libcpmt:xthrow.obj
 0001:0000e694       ??_Gregex_error@std@@UAEPAXI@Z 1000f694 f i libcpmt:xthrow.obj
 0001:0000e6cc       ??_Eruntime_error@std@@UAEPAXI@Z 1000f6cc f i libcpmt:xthrow.obj
 0001:0000e6cc       ??_Gruntime_error@std@@UAEPAXI@Z 1000f6cc f i libcpmt:xthrow.obj
 0001:0000e704       ?_Stringify@regex_error@std@@CAPBDW4error_type@regex_constants@2@@Z 1000f704 f i libcpmt:xthrow.obj
 0001:0000e7f4       ?_Xbad_alloc@std@@YAXXZ    1000f7f4 f   libcpmt:xthrow.obj
 0001:0000e818       ?_Xbad_function_call@std@@YAXXZ 1000f818 f   libcpmt:xthrow.obj
 0001:0000e83c       ?_Xinvalid_argument@std@@YAXPBD@Z 1000f83c f   libcpmt:xthrow.obj
 0001:0000e864       ?_Xlength_error@std@@YAXPBD@Z 1000f864 f   libcpmt:xthrow.obj
 0001:0000e88c       ?_Xout_of_range@std@@YAXPBD@Z 1000f88c f   libcpmt:xthrow.obj
 0001:0000e8b4       ?_Xoverflow_error@std@@YAXPBD@Z 1000f8b4 f   libcpmt:xthrow.obj
 0001:0000e8dc       ?_Xregex_error@std@@YAXW4error_type@regex_constants@1@@Z 1000f8dc f   libcpmt:xthrow.obj
 0001:0000e904       ?_Xruntime_error@std@@YAXPBD@Z 1000f904 f   libcpmt:xthrow.obj
 0001:0000e92c       ?what@bad_function_call@std@@UBEPBDXZ 1000f92c f i libcpmt:xthrow.obj
 0001:0000e932       ?what@exception@std@@UBEPBDXZ 1000f932 f i libcpmt:xthrow.obj
 0001:0000e942       ??2@YAPAXI@Z               1000f942 f   LIBCMT:new_scalar.obj
 0001:0000e981       ??3@YAXPAXI@Z              1000f981 f   LIBCMT:delete_scalar_size.obj
 0001:0000e992       ??$__crt_fast_decode_pointer@PAP6AXXZ@@YAPAP6AXXZQAP6AXXZ@Z 1000f992 f i LIBCMT:utility.obj
 0001:0000e9ab       ??$__crt_fast_encode_pointer@PAP6AXXZ@@YAPAP6AXXZQAP6AXXZ@Z 1000f9ab f i LIBCMT:utility.obj
 0001:0000e9cf       ?__crt_rotate_pointer_value@@YAIIH@Z 1000f9cf f i LIBCMT:utility.obj
 0001:0000ea73       _NtCurrentTeb              1000fa73 f i LIBCMT:utility.obj
 0001:0000ea7a       ___scrt_acquire_startup_lock 1000fa7a f   LIBCMT:utility.obj
 0001:0000eabc       ___scrt_dllmain_after_initialize_c 1000fabc f   LIBCMT:utility.obj
 0001:0000eada       ___scrt_dllmain_before_initialize_c 1000fada f   LIBCMT:utility.obj
 0001:0000eaeb       ___scrt_dllmain_crt_thread_attach 1000faeb f   LIBCMT:utility.obj
 0001:0000eb11       ___scrt_dllmain_crt_thread_detach 1000fb11 f   LIBCMT:utility.obj
 0001:0000eb21       ___scrt_dllmain_exception_filter 1000fb21 f   LIBCMT:utility.obj
 0001:0000eb60       ___scrt_dllmain_uninitialize_c 1000fb60 f   LIBCMT:utility.obj
 0001:0000eb8b       ___scrt_dllmain_uninitialize_critical 1000fb8b f   LIBCMT:utility.obj
 0001:0000eb9b       ___scrt_initialize_crt     1000fb9b f   LIBCMT:utility.obj
 0001:0000ebe2       ___scrt_initialize_onexit_tables 1000fbe2 f   LIBCMT:utility.obj
 0001:0000ec9e       ___scrt_is_nonwritable_in_current_image 1000fc9e f   LIBCMT:utility.obj
 0001:0000ed4e       ___scrt_release_startup_lock 1000fd4e f   LIBCMT:utility.obj
 0001:0000ed72       ___scrt_uninitialize_crt   1000fd72 f   LIBCMT:utility.obj
 0001:0000eda4       __onexit                   1000fda4 f   LIBCMT:utility.obj
 0001:0000eded       _at_quick_exit             1000fded f   LIBCMT:utility.obj
 0001:0000ee2a       _atexit                    1000fe2a f   LIBCMT:utility.obj
 0001:0000ee44       @__security_check_cookie@4 1000fe44 f   LIBCMT:_secchk_.obj
 0001:0000ee59       ??3@YAXPAX@Z               1000fe59 f   LIBCMT:delete_scalar.obj
 0001:0000ee5e       ??_U@YAPAXI@Z              1000fe5e f   LIBCMT:new_array.obj
 0001:0000ee69       ??_V@YAXPAX@Z              1000fe69 f   LIBCMT:delete_array.obj
 0001:0000f246       __CRT_INIT@12              10010246 f   LIBCMT:dll_dllmain.obj
 0001:0000f251       __DllMainCRTStartup@12     10010251 f   LIBCMT:dll_dllmain.obj
 0001:0000f27c       ??1type_info@@UAE@XZ       1001027c f   LIBCMT:std_type_info_static.obj
 0001:0000f283       ??_Gtype_info@@UAEPAXI@Z   10010283 f i LIBCMT:std_type_info_static.obj
 0001:0000f283       ??_Etype_info@@UAEPAXI@Z   10010283 f i LIBCMT:std_type_info_static.obj
 0001:0000f2ae       ??0bad_alloc@std@@AAE@QBD@Z 100102ae f i LIBCMT:throw_bad_alloc.obj
 0001:0000f2d2       ??0bad_array_new_length@std@@QAE@ABV01@@Z 100102d2 f i LIBCMT:throw_bad_alloc.obj
 0001:0000f2fb       ??0bad_array_new_length@std@@QAE@XZ 100102fb f i LIBCMT:throw_bad_alloc.obj
 0001:0000f319       ??1bad_array_new_length@std@@UAE@XZ 10010319 f i LIBCMT:throw_bad_alloc.obj
 0001:0000f32e       ??_Gbad_array_new_length@std@@UAEPAXI@Z 1001032e f i LIBCMT:throw_bad_alloc.obj
 0001:0000f32e       ??_Ebad_array_new_length@std@@UAEPAXI@Z 1001032e f i LIBCMT:throw_bad_alloc.obj
 0001:0000f366       ?__scrt_throw_std_bad_alloc@@YAXXZ 10010366 f   LIBCMT:throw_bad_alloc.obj
 0001:0000f38a       ?__scrt_throw_std_bad_array_new_length@@YAXXZ 1001038a f   LIBCMT:throw_bad_alloc.obj
 0001:0000f3ae       ___isa_available_init      100103ae f   LIBCMT:_cpu_disp_.obj
 0001:0000f5b7       ___scrt_is_ucrt_dll_in_use 100105b7 f   LIBCMT:ucrt_detection.obj
 0001:0000f5c6       ___scrt_fastfail           100105c6 f   LIBCMT:utility_desktop.obj
 0001:0000f727       ___scrt_get_show_window_mode 10010727 f   LIBCMT:utility_desktop.obj
 0001:0000f766       ___scrt_initialize_winrt   10010766 f   LIBCMT:utility_desktop.obj
 0001:0000f769       ___scrt_is_managed_app     10010769 f   LIBCMT:utility_desktop.obj
 0001:0000f7be       ___scrt_set_unhandled_exception_filter 100107be f   LIBCMT:utility_desktop.obj
 0001:0000f7cd       ___scrt_unhandled_exception_filter@4 100107cd f   LIBCMT:utility_desktop.obj
 0001:0000f81e       __crt_debugger_hook        1001081e f   LIBCMT:utility_desktop.obj
 0001:0000f828       @_guard_check_icall@4      10010828 f i LIBCMT:checkcfg.obj
 0001:0000f830       __SEH_prolog4              10010830 f   LIBCMT:_sehprolg4_.obj
 0001:0000f876       __SEH_epilog4              10010876 f   LIBCMT:_sehprolg4_.obj
 0001:0000f8a1       ___raise_securityfailure   100108a1 f   LIBCMT:gs_report.obj
 0001:0000f8d3       ___report_gsfailure        100108d3 f   LIBCMT:gs_report.obj
 0001:0000fa0c       ___report_rangecheckfailure 10010a0c f   LIBCMT:gs_report.obj
 0001:0000fa1b       ___report_securityfailure  10010a1b f   LIBCMT:gs_report.obj
 0001:0000fb1f       ___report_securityfailureEx 10010b1f f   LIBCMT:gs_report.obj
 0001:0000fc7a       ___security_init_cookie    10010c7a f   LIBCMT:gs_support.obj
 0001:0000fd3d       _DllMain@12                10010d3d f   LIBCMT:dll_dllmain_stub.obj
 0001:0000fd43       ?__scrt_initialize_type_info@@YAXXZ 10010d43 f   LIBCMT:tncleanup.obj
 0001:0000fd52       ?__scrt_uninitialize_type_info@@YAXXZ 10010d52 f   LIBCMT:tncleanup.obj
 0001:0000fd61       ___local_stdio_scanf_options 10010d61 f i LIBCMT:default_local_stdio_options.obj
 0001:0000fd67       ___scrt_initialize_default_local_stdio_options 10010d67 f   LIBCMT:default_local_stdio_options.obj
 0001:0000fd8b       ___scrt_get_dyn_tls_init_callback 10010d8b f   LIBCMT:dyn_tls_init.obj
 0001:0000fd91       __RTC_Initialize           10010d91 f   LIBCMT:_initsect_.obj
 0001:0000fdc6       __RTC_Terminate            10010dc6 f   LIBCMT:_initsect_.obj
 0001:0000fdfb       @_guard_check_icall_nop@4  10010dfb f i LIBCMT:guard_support.obj
 0001:0000fdfc       __guard_icall_checks_enforced 10010dfc f i LIBCMT:guard_support.obj
 0001:0000fe12       ??$__crt_fast_decode_pointer@P6AXXZ@@YAP6AXXZQ6AXXZ@Z 10010e12 f i libvcruntime:purevirt.obj
 0001:0000fe2b       ??$__crt_fast_encode_pointer@P6AXXZ@@YAP6AXXZQ6AXXZ@Z 10010e2b f i libvcruntime:purevirt.obj
 0001:0000fe4f       ??$__crt_interlocked_compare_exchange_pointer@$$A6AXXZ$$T$$T@@YAP6AXXZPDS6AXXZ$$T1@Z 10010e4f f i libvcruntime:purevirt.obj
 0001:0000fe65       ??$__crt_interlocked_exchange_pointer@$$A6AXXZP6AXXZ@@YAP6AXXZPDS6AXXZQ6AXXZ@Z 10010e65 f i libvcruntime:purevirt.obj
 0001:0000fe75       ??$__crt_interlocked_read_pointer@$$A6AXXZ@@YAP6AXXZPDS6AXXZ@Z 10010e75 f i libvcruntime:purevirt.obj
 0001:0000fe89       __get_purecall_handler     10010e89 f   libvcruntime:purevirt.obj
 0001:0000feaf       __purecall                 10010eaf f   libvcruntime:purevirt.obj
 0001:0000fed0       __set_purecall_handler     10010ed0 f   libvcruntime:purevirt.obj
 0001:0000ff00       _memset                    10010f00 f   libvcruntime:memset.obj
 0001:000100b0       _memmove                   100110b0 f   libvcruntime:memmove.obj
 0001:00010790       _memcpy                    10011790 f   libvcruntime:memcpy.obj
 0001:00010e61       ??$?RD@__crt_public_free_policy@@QBEXQBD@Z 10011e61 f i libvcruntime:std_exception.obj
 0001:00010e75       ??0?$__crt_unique_heap_ptr@DU__crt_public_free_policy@@@@QAE@QAD@Z 10011e75 f i libvcruntime:std_exception.obj
 0001:00010e86       ??1?$__crt_unique_heap_ptr@DU__crt_public_free_policy@@@@QAE@XZ 10011e86 f i libvcruntime:std_exception.obj
 0001:00010e9a       ??B?$__crt_unique_heap_ptr@DU__crt_public_free_policy@@@@QBE_NXZ 10011e9a f i libvcruntime:std_exception.obj
 0001:00010ea4       ?detach@?$__crt_unique_heap_ptr@DU__crt_public_free_policy@@@@QAEPADXZ 10011ea4 f i libvcruntime:std_exception.obj
 0001:00010eaa       ?get@?$__crt_unique_heap_ptr@DU__crt_public_free_policy@@@@QBEPADXZ 10011eaa f i libvcruntime:std_exception.obj
 0001:00010ead       ?is_valid@?$__crt_unique_heap_ptr@DU__crt_public_free_policy@@@@QBE_NXZ 10011ead f i libvcruntime:std_exception.obj
 0001:00010eb7       ?release@?$__crt_unique_heap_ptr@DU__crt_public_free_policy@@@@QAEXXZ 10011eb7 f i libvcruntime:std_exception.obj
 0001:00010ecb       ___std_exception_copy      10011ecb f   libvcruntime:std_exception.obj
 0001:00010f46       ___std_exception_destroy   10011f46 f   libvcruntime:std_exception.obj
 0001:00010f6c       __CxxThrowException@8      10011f6c f   libvcruntime:throw.obj
 0001:00010ff5       ___vcrt_initialize         10011ff5 f   libvcruntime:initialization.obj
 0001:0001102e       ___vcrt_thread_attach      1001202e f   libvcruntime:initialization.obj
 0001:0001103b       ___vcrt_thread_detach      1001203b f   libvcruntime:initialization.obj
 0001:00011048       ___vcrt_uninitialize       10012048 f   libvcruntime:initialization.obj
 0001:00011075       ___vcrt_uninitialize_critical 10012075 f   libvcruntime:initialization.obj
 0001:000110c0       __except_handler4          100120c0 f   libvcruntime:_chandler4_.obj
 0001:000112b9       _EventDataDescCreate       100122b9 f i libvcruntime:telemetry.obj
 0001:000112da       _HRESULT_FROM_WIN32        100122da f i libvcruntime:telemetry.obj
 0001:000112f3       ___telemetry_main_invoke_trigger 100122f3 f   libvcruntime:telemetry.obj
 0001:000113b6       ___telemetry_main_return_trigger 100123b6 f   libvcruntime:telemetry.obj
 0001:00011479       ___vcrt_initialize_telemetry_provider 10012479 f   libvcruntime:telemetry.obj
 0001:00011490       ___vcrt_uninitialize_telemetry_provider 10012490 f   libvcruntime:telemetry.obj
 0001:000114af       ??$?RD@__crt_internal_free_policy@@QBEXQBD@Z 100124af f i libvcruntime:std_type_info.obj
 0001:000114c3       ??$?RX@__crt_internal_free_policy@@QBEXQBX@Z 100124c3 f i libvcruntime:std_type_info.obj
 0001:000114d7       ??$__crt_interlocked_compare_exchange_pointer@$$CBD$$T$$T@@YAPBDPDSBD$$T1@Z 100124d7 f i libvcruntime:std_type_info.obj
 0001:000114ed       ??$__crt_interlocked_compare_exchange_pointer@$$CBDPAD$$T@@YAPBDPDSBDQAD$$T@Z 100124ed f i libvcruntime:std_type_info.obj
 0001:00011503       ??$__crt_interlocked_read_pointer@$$CBD@@YAPBDPDSBD@Z 10012503 f i libvcruntime:std_type_info.obj
 0001:00011517       ??0?$__crt_unique_heap_ptr@DU__crt_internal_free_policy@@@@QAE@QAD@Z 10012517 f i libvcruntime:std_type_info.obj
 0001:00011528       ??0?$__crt_unique_heap_ptr@XU__crt_internal_free_policy@@@@QAE@QAX@Z 10012528 f i libvcruntime:std_type_info.obj
 0001:00011539       ??1?$__crt_unique_heap_ptr@DU__crt_internal_free_policy@@@@QAE@XZ 10012539 f i libvcruntime:std_type_info.obj
 0001:0001154d       ??1?$__crt_unique_heap_ptr@XU__crt_internal_free_policy@@@@QAE@XZ 1001254d f i libvcruntime:std_type_info.obj
 0001:0001156d       ??B?$__crt_unique_heap_ptr@DU__crt_internal_free_policy@@@@QBE_NXZ 1001256d f i libvcruntime:std_type_info.obj
 0001:00011577       ??B?$__crt_unique_heap_ptr@XU__crt_internal_free_policy@@@@QBE_NXZ 10012577 f i libvcruntime:std_type_info.obj
 0001:000115a9       ?detach@?$__crt_unique_heap_ptr@XU__crt_internal_free_policy@@@@QAEPAXXZ 100125a9 f i libvcruntime:std_type_info.obj
 0001:000115af       ?get@?$__crt_unique_heap_ptr@DU__crt_internal_free_policy@@@@QBEPADXZ 100125af f i libvcruntime:std_type_info.obj
 0001:000115b2       ?get@?$__crt_unique_heap_ptr@XU__crt_internal_free_policy@@@@QBEPAXXZ 100125b2 f i libvcruntime:std_type_info.obj
 0001:000115b5       ?is_valid@?$__crt_unique_heap_ptr@DU__crt_internal_free_policy@@@@QBE_NXZ 100125b5 f i libvcruntime:std_type_info.obj
 0001:000115bf       ?is_valid@?$__crt_unique_heap_ptr@XU__crt_internal_free_policy@@@@QBE_NXZ 100125bf f i libvcruntime:std_type_info.obj
 0001:000115c9       ?release@?$__crt_unique_heap_ptr@DU__crt_internal_free_policy@@@@QAEXXZ 100125c9 f i libvcruntime:std_type_info.obj
 0001:000115dd       ?release@?$__crt_unique_heap_ptr@XU__crt_internal_free_policy@@@@QAEXXZ 100125dd f i libvcruntime:std_type_info.obj
 0001:000115f1       ___std_type_info_compare   100125f1 f   libvcruntime:std_type_info.obj
 0001:0001163c       ___std_type_info_destroy_list 1001263c f   libvcruntime:std_type_info.obj
 0001:00011667       ___std_type_info_hash      10012667 f   libvcruntime:std_type_info.obj
 0001:00011696       ___std_type_info_name      10012696 f   libvcruntime:std_type_info.obj
 0001:00011793       ??$?B$$A6AXXZ@__crt_fast_encoded_nullptr_t@@QBEP6AXXZXZ 10012793 f i libvcruntime:purevirt_data.obj
 0001:000117b1       ?__crt_fast_encode_pointer@@YA?AU__crt_fast_encoded_nullptr_t@@$$T@Z 100127b1 f i libvcruntime:purevirt_data.obj
 0001:000117be       ___vcrt_initialize_pure_virtual_call_handler 100127be f   libvcruntime:purevirt_data.obj
 0001:000117e2       ??$?RU__vcrt_ptd@@@__crt_internal_free_policy@@QBEXQBU__vcrt_ptd@@@Z 100127e2 f i libvcruntime:per_thread_data.obj
 0001:000117f6       ??0?$__crt_unique_heap_ptr@U__vcrt_ptd@@U__crt_internal_free_policy@@@@QAE@QAU__vcrt_ptd@@@Z 100127f6 f i libvcruntime:per_thread_data.obj
 0001:00011807       ??1?$__crt_unique_heap_ptr@U__vcrt_ptd@@U__crt_internal_free_policy@@@@QAE@XZ 10012807 f i libvcruntime:per_thread_data.obj
 0001:0001181b       ??B?$__crt_unique_heap_ptr@U__vcrt_ptd@@U__crt_internal_free_policy@@@@QBE_NXZ 1001281b f i libvcruntime:per_thread_data.obj
 0001:00011825       ?detach@?$__crt_unique_heap_ptr@U__vcrt_ptd@@U__crt_internal_free_policy@@@@QAEPAU__vcrt_ptd@@XZ 10012825 f i libvcruntime:per_thread_data.obj
 0001:0001182b       ?get@?$__crt_unique_heap_ptr@U__vcrt_ptd@@U__crt_internal_free_policy@@@@QBEPAU__vcrt_ptd@@XZ 1001282b f i libvcruntime:per_thread_data.obj
 0001:0001182e       ?is_valid@?$__crt_unique_heap_ptr@U__vcrt_ptd@@U__crt_internal_free_policy@@@@QBE_NXZ 1001282e f i libvcruntime:per_thread_data.obj
 0001:00011838       ?release@?$__crt_unique_heap_ptr@U__vcrt_ptd@@U__crt_internal_free_policy@@@@QAEXXZ 10012838 f i libvcruntime:per_thread_data.obj
 0001:0001186c       ___vcrt_freefls@4          1001286c f   libvcruntime:per_thread_data.obj
 0001:0001188f       ___vcrt_freeptd            1001288f f   libvcruntime:per_thread_data.obj
 0001:000118d2       ___vcrt_getptd             100128d2 f   libvcruntime:per_thread_data.obj
 0001:000118e3       ___vcrt_getptd_noexit      100128e3 f   libvcruntime:per_thread_data.obj
 0001:00011979       ___vcrt_initialize_ptd     10012979 f   libvcruntime:per_thread_data.obj
 0001:000119b8       ___vcrt_uninitialize_ptd   100129b8 f   libvcruntime:per_thread_data.obj
 0001:000119d9       ___vcrt_initialize_locks   100129d9 f   libvcruntime:locks.obj
 0001:00011a24       ___vcrt_lock               10012a24 f   libvcruntime:locks.obj
 0001:00011a3e       ___vcrt_uninitialize_locks 10012a3e f   libvcruntime:locks.obj
 0001:00011a78       ___vcrt_unlock             10012a78 f   libvcruntime:locks.obj
 0001:00011a92       ??$?BX@__crt_fast_encoded_nullptr_t@@QBEPAXXZ 10012a92 f i libvcruntime:winapi_downlevel.obj
 0001:00011ab0       ??$__crt_fast_decode_pointer@PAX@@YAPAXQAX@Z 10012ab0 f i libvcruntime:winapi_downlevel.obj
 0001:00011ac9       ??$__crt_fast_encode_pointer@PAX@@YAPAXQAX@Z 10012ac9 f i libvcruntime:winapi_downlevel.obj
 0001:00011aed       ??$__crt_interlocked_compare_exchange_pointer@UHINSTANCE__@@$$T$$T@@YAPAUHINSTANCE__@@PDSAU0@$$T1@Z 10012aed f i libvcruntime:winapi_downlevel.obj
 0001:00011b03       ??$__crt_interlocked_compare_exchange_pointer@X$$T$$T@@YAPAXPDSAX$$T1@Z 10012b03 f i libvcruntime:winapi_downlevel.obj
 0001:00011b19       ??$__crt_interlocked_exchange_pointer@UHINSTANCE__@@PAU1@@@YAPAUHINSTANCE__@@PDSAU0@QAU0@@Z 10012b19 f i libvcruntime:winapi_downlevel.obj
 0001:00011b29       ??$__crt_interlocked_exchange_pointer@UHINSTANCE__@@PAX@@YAPAUHINSTANCE__@@PDSAU0@QAX@Z 10012b29 f i libvcruntime:winapi_downlevel.obj
 0001:00011b39       ??$__crt_interlocked_exchange_pointer@XPAX@@YAPAXPDSAXQAX@Z 10012b39 f i libvcruntime:winapi_downlevel.obj
 0001:00011b49       ??$__crt_interlocked_read_pointer@UHINSTANCE__@@@@YAPAUHINSTANCE__@@PDSAU0@@Z 10012b49 f i libvcruntime:winapi_downlevel.obj
 0001:00011b5d       ??$__crt_interlocked_read_pointer@X@@YAPAXPDSAX@Z 10012b5d f i libvcruntime:winapi_downlevel.obj
 0001:00011ea8       ___vcrt_EventRegister      10012ea8 f   libvcruntime:winapi_downlevel.obj
 0001:00011ef8       ___vcrt_EventSetInformation 10012ef8 f   libvcruntime:winapi_downlevel.obj
 0001:00011f4b       ___vcrt_EventUnregister    10012f4b f   libvcruntime:winapi_downlevel.obj
 0001:00011f93       ___vcrt_EventWriteTransfer 10012f93 f   libvcruntime:winapi_downlevel.obj
 0001:00011fee       ___vcrt_FlsAlloc           10012fee f   libvcruntime:winapi_downlevel.obj
 0001:00012036       ___vcrt_FlsFree            10013036 f   libvcruntime:winapi_downlevel.obj
 0001:0001207e       ___vcrt_FlsGetValue        1001307e f   libvcruntime:winapi_downlevel.obj
 0001:000120c6       ___vcrt_FlsSetValue        100130c6 f   libvcruntime:winapi_downlevel.obj
 0001:00012112       ___vcrt_InitializeCriticalSectionEx 10013112 f   libvcruntime:winapi_downlevel.obj
 0001:00012169       ___vcrt_initialize_winapi_thunks 10013169 f   libvcruntime:winapi_downlevel.obj
 0001:00012196       ___vcrt_uninitialize_winapi_thunks 10013196 f   libvcruntime:winapi_downlevel.obj
 0001:000121e0       __local_unwind4            100131e0 f   libvcruntime:_exsup4_.obj
 0001:000122b6       __seh_longjmp_unwind4@4    100132b6 f   libvcruntime:_exsup4_.obj
 0001:000122de       @_EH4_CallFilterFunc@8     100132de f   libvcruntime:_exsup4_.obj
 0001:000122f5       @_EH4_TransferToHandler@8  100132f5 f   libvcruntime:_exsup4_.obj
 0001:0001230e       @_EH4_GlobalUnwind2@8      1001330e f   libvcruntime:_exsup4_.obj
 0001:00012327       @_EH4_LocalUnwind@16       10013327 f   libvcruntime:_exsup4_.obj
 0001:00012395       ___except_validate_context_record 10013395 f   libvcruntime:jbcxrval.obj
 0001:00012396       ___except_validate_jump_buffer 10013396 f   libvcruntime:jbcxrval.obj
 0001:00012397       ??0Block@_HeapManager@@QAE@XZ 10013397 f i libvcruntime:undname.obj
 0001:0001239d       ??0DName@@QAE@AAPBDD@Z     1001339d f   libvcruntime:undname.obj
 0001:00012484       ??0DName@@QAE@ABV0@@Z      10013484 f i libvcruntime:undname.obj
 0001:0001249f       ??0DName@@QAE@D@Z          1001349f f   libvcruntime:undname.obj
 0001:000124d6       ??0DName@@QAE@PAV0@@Z      100134d6 f   libvcruntime:undname.obj
 0001:00012536       ??0DName@@QAE@PBD@Z        10013536 f   libvcruntime:undname.obj
 0001:0001257e       ??0DName@@QAE@W4DNameStatus@@@Z 1001357e f   libvcruntime:undname.obj
 0001:000125d1       ??0DName@@QAE@XZ           100135d1 f i libvcruntime:undname.obj
 0001:000125e6       ??0DName@@QAE@_J@Z         100135e6 f   libvcruntime:undname.obj
 0001:000126a0       ??0DName@@QAE@_K@Z         100136a0 f   libvcruntime:undname.obj
 0001:0001272a       ??0DNameNode@@IAE@XZ       1001372a f   libvcruntime:undname.obj
 0001:00012735       ??0DNameStatusNode@@AAE@W4DNameStatus@@@Z 10013735 f   libvcruntime:undname.obj
 0001:00012760       ??0Replicator@@QAE@XZ      10013760 f i libvcruntime:undname.obj
 0001:00012766       ??0UnDecorator@@QAE@PADPBDHP6APADJ@ZK@Z 10013766 f i libvcruntime:undname.obj
 0001:000127e9       ??0charNode@@QAE@D@Z       100137e9 f   libvcruntime:undname.obj
 0001:00012803       ??0pDNameNode@@QAE@PAVDName@@@Z 10013803 f   libvcruntime:undname.obj
 0001:00012835       ??0pairNode@@QAE@PAVDNameNode@@0@Z 10013835 f   libvcruntime:undname.obj
 0001:0001285b       ??0pcharNode@@QAE@PBDH@Z   1001385b f   libvcruntime:undname.obj
 0001:000128ca       ??2@YAPAXIAAV_HeapManager@@H@Z 100138ca f i libvcruntime:undname.obj
 0001:000128e4       ??4DName@@QAEAAV0@ABV0@@Z  100138e4 f   libvcruntime:undname.obj
 0001:000128ff       ??4DName@@QAEAAV0@D@Z      100138ff f i libvcruntime:undname.obj
 0001:00012936       ??4DName@@QAEAAV0@PAV0@@Z  10013936 f   libvcruntime:undname.obj
 0001:00012991       ??4DName@@QAEAAV0@PBD@Z    10013991 f   libvcruntime:undname.obj
 0001:000129cf       ??4DName@@QAEAAV0@W4DNameStatus@@@Z 100139cf f   libvcruntime:undname.obj
 0001:00012a11       ??AReplicator@@QBE?AVDName@@H@Z 10013a11 f   libvcruntime:undname.obj
 0001:00012a5c       ??BUnDecorator@@QAEPADXZ   10013a5c f i libvcruntime:undname.obj
 0001:00012c35       ??H@YA?AVDName@@DABV0@@Z   10013c35 f i libvcruntime:undname.obj
 0001:00012c62       ??H@YA?AVDName@@PBDABV0@@Z 10013c62 f i libvcruntime:undname.obj
 0001:00012c8f       ??H@YA?AVDName@@W4DNameStatus@@ABV0@@Z 10013c8f f i libvcruntime:undname.obj
 0001:00012cbc       ??HDName@@QBE?AV0@ABV0@@Z  10013cbc f   libvcruntime:undname.obj
 0001:00012ce6       ??HDName@@QBE?AV0@D@Z      10013ce6 f   libvcruntime:undname.obj
 0001:00012d10       ??HDName@@QBE?AV0@PAV0@@Z  10013d10 f   libvcruntime:undname.obj
 0001:00012d3a       ??HDName@@QBE?AV0@PBD@Z    10013d3a f   libvcruntime:undname.obj
 0001:00012d64       ??HDName@@QBE?AV0@W4DNameStatus@@@Z 10013d64 f   libvcruntime:undname.obj
 0001:00012d8e       ??YDName@@QAEAAV0@ABV0@@Z  10013d8e f   libvcruntime:undname.obj
 0001:00012de1       ??YDName@@QAEAAV0@D@Z      10013de1 f   libvcruntime:undname.obj
 0001:00012e45       ??YDName@@QAEAAV0@PAV0@@Z  10013e45 f   libvcruntime:undname.obj
 0001:00012ec3       ??YDName@@QAEAAV0@PBD@Z    10013ec3 f   libvcruntime:undname.obj
 0001:00012f3c       ??YDName@@QAEAAV0@W4DNameStatus@@@Z 10013f3c f   libvcruntime:undname.obj
 0001:00012f8c       ??YReplicator@@QAEAAV0@ABVDName@@@Z 10013f8c f   libvcruntime:undname.obj
 0001:00012fe8       ??_5DName@@QAEAAV0@ABV0@@Z 10013fe8 f   libvcruntime:undname.obj
 0001:0001300b       ?Constructor@_HeapManager@@QAEXP6APAXI@ZP6AXPAX@Z@Z 1001400b f i libvcruntime:undname.obj
 0001:0001302f       ?Destructor@_HeapManager@@QAEXXZ 1001402f f i libvcruntime:undname.obj
 0001:00013076       ?UScore@UnDecorator@@SAPBDW4Tokens@@@Z 10014076 f   libvcruntime:undname.obj
 0001:0001309a       ?append@DName@@AAEXPAVDNameNode@@@Z 1001409a f   libvcruntime:undname.obj
 0001:000130f1       ?composeDeclaration@UnDecorator@@CA?AVDName@@ABV2@@Z 100140f1 f i libvcruntime:undname.obj
 0001:0001415b       ?doAccessSpecifiers@UnDecorator@@SAHXZ 1001515b f i libvcruntime:undname.obj
 0001:0001416c       ?doAllocationLanguage@UnDecorator@@SAHXZ 1001516c f i libvcruntime:undname.obj
 0001:0001417d       ?doAllocationModel@UnDecorator@@SAHXZ 1001517d f i libvcruntime:undname.obj
 0001:0001418e       ?doEcsu@UnDecorator@@SAHXZ 1001518e f i libvcruntime:undname.obj
 0001:0001419f       ?doEllipsis@UnDecorator@@SAHXZ 1001519f f i libvcruntime:undname.obj
 0001:000141b0       ?doFunctionReturns@UnDecorator@@SAHXZ 100151b0 f i libvcruntime:undname.obj
 0001:000141c1       ?doMSKeywords@UnDecorator@@SAHXZ 100151c1 f i libvcruntime:undname.obj
 0001:000141d1       ?doMemberTypes@UnDecorator@@SAHXZ 100151d1 f i libvcruntime:undname.obj
 0001:000141e2       ?doNameOnly@UnDecorator@@SAHXZ 100151e2 f i libvcruntime:undname.obj
 0001:000141ef       ?doNoIdentCharCheck@UnDecorator@@SAHXZ 100151ef f i libvcruntime:undname.obj
 0001:000141fc       ?doPchar@DName@@AAEXPBDH@Z 100151fc f   libvcruntime:undname.obj
 0001:000142a8       ?doPtr64@UnDecorator@@SAHXZ 100152a8 f i libvcruntime:undname.obj
 0001:000142b9       ?doRestrictionSpec@UnDecorator@@SAHXZ 100152b9 f i libvcruntime:undname.obj
 0001:000142ca       ?doThisTypes@UnDecorator@@SAHXZ 100152ca f i libvcruntime:undname.obj
 0001:000142e0       ?doThrowTypes@UnDecorator@@SAHXZ 100152e0 f i libvcruntime:undname.obj
 0001:000142f1       ?doTypeOnly@UnDecorator@@SAHXZ 100152f1 f i libvcruntime:undname.obj
 0001:000142fe       ?doUnderScore@UnDecorator@@SAHXZ 100152fe f i libvcruntime:undname.obj
 0001:0001430b       ?getArgumentList@UnDecorator@@CA?AVDName@@XZ 1001530b f   libvcruntime:undname.obj
 0001:0001445a       ?getArgumentTypes@UnDecorator@@CA?AVDName@@XZ 1001545a f   libvcruntime:undname.obj
 0001:00014572       ?getArrayType@UnDecorator@@CA?AVDName@@ABV2@@Z 10015572 f i libvcruntime:undname.obj
 0001:000147f4       ?getBasedType@UnDecorator@@CA?AVDName@@XZ 100157f4 f   libvcruntime:undname.obj
 0001:000148b3       ?getBasicDataType@UnDecorator@@CA?AVDName@@ABV2@@Z 100158b3 f   libvcruntime:undname.obj
 0001:00014d98       ?getCallIndex@UnDecorator@@CA?AVDName@@XZ 10015d98 f i libvcruntime:undname.obj
 0001:00014db1       ?getCallingConvention@UnDecorator@@CA?AVDName@@XZ 10015db1 f   libvcruntime:undname.obj
 0001:00014e9f       ?getDataIndirectType@UnDecorator@@CA?AVDName@@ABV2@PBD0H@Z 10015e9f f   libvcruntime:undname.obj
 0001:00015649       ?getDataIndirectType@UnDecorator@@CA?AVDName@@XZ 10016649 f i libvcruntime:undname.obj
 0001:00015690       ?getDataType@UnDecorator@@CA?AVDName@@PAV2@@Z 10016690 f   libvcruntime:undname.obj
 0001:00015796       ?getDecoratedName@UnDecorator@@CA?AVDName@@XZ 10016796 f   libvcruntime:undname.obj
 0001:00015a75       ?getDimension@UnDecorator@@CA?AVDName@@_N@Z 10016a75 f   libvcruntime:undname.obj
 0001:00015bf9       ?getDispatchTarget@UnDecorator@@CA?AVDName@@XZ 10016bf9 f   libvcruntime:undname.obj
 0001:00015c6a       ?getDisplacement@UnDecorator@@CA?AVDName@@XZ 10016c6a f i libvcruntime:undname.obj
 0001:00015c83       ?getECSUDataType@UnDecorator@@CA?AVDName@@XZ 10016c83 f   libvcruntime:undname.obj
 0001:00015de7       ?getECSUName@UnDecorator@@CA?AVDName@@XZ 10016de7 f i libvcruntime:undname.obj
 0001:00015dfc       ?getEnumType@UnDecorator@@CA?AVDName@@XZ 10016dfc f i libvcruntime:undname.obj
 0001:00015f23       ?getExtendedDataIndirectType@UnDecorator@@CA?AVDName@@AAPBDAA_NH@Z 10016f23 f   libvcruntime:undname.obj
 0001:00016136       ?getExternalDataType@UnDecorator@@CA?AVDName@@ABV2@@Z 10017136 f i libvcruntime:undname.obj
 0001:000161cd       ?getFunctionIndirectType@UnDecorator@@CA?AVDName@@ABV2@@Z 100171cd f   libvcruntime:undname.obj
 0001:000166d8       ?getGuardNumber@UnDecorator@@CA?AVDName@@XZ 100176d8 f i libvcruntime:undname.obj
 0001:000166f1       ?getLastChar@DName@@QBEDXZ 100176f1 f i libvcruntime:undname.obj
 0001:00016717       ?getLastChar@DNameStatusNode@@UBEDXZ 10017717 f i libvcruntime:undname.obj
 0001:00016726       ?getLastChar@charNode@@UBEDXZ 10017726 f i libvcruntime:undname.obj
 0001:0001672a       ?getLastChar@pDNameNode@@UBEDXZ 1001772a f i libvcruntime:undname.obj
 0001:0001673b       ?getLastChar@pairNode@@UBEDXZ 1001773b f i libvcruntime:undname.obj
 0001:0001677a       ?getLastChar@pcharNode@@UBEDXZ 1001777a f i libvcruntime:undname.obj
 0001:00016790       ?getLexicalFrame@UnDecorator@@CA?AVDName@@XZ 10017790 f i libvcruntime:undname.obj
 0001:000167dc       ?getMemory@_HeapManager@@QAEPAXIH@Z 100177dc f   libvcruntime:undname.obj
 0001:0001688d       ?getNumberOfDimensions@UnDecorator@@CAHXZ 1001788d f   libvcruntime:undname.obj
 0001:00016906       ?getOperatorName@UnDecorator@@CA?AVDName@@_NPA_N@Z 10017906 f i libvcruntime:undname.obj
 0001:000170b5       ?getPointerType@UnDecorator@@CA?AVDName@@ABV2@0@Z 100180b5 f i libvcruntime:undname.obj
 0001:000170da       ?getPointerTypeArray@UnDecorator@@CA?AVDName@@ABV2@0@Z 100180da f i libvcruntime:undname.obj
 0001:000170ff       ?getPrimaryDataType@UnDecorator@@CA?AVDName@@ABV2@@Z 100180ff f   libvcruntime:undname.obj
 0001:00017350       ?getPtrRefDataType@UnDecorator@@CA?AVDName@@ABV2@H@Z 10018350 f   libvcruntime:undname.obj
 0001:00017492       ?getPtrRefType@UnDecorator@@CA?AVDName@@ABV2@0PBD@Z 10018492 f   libvcruntime:undname.obj
 0001:000175cd       ?getReferenceType@UnDecorator@@CA?AVDName@@ABV2@0PBD@Z 100185cd f i libvcruntime:undname.obj
 0001:000175f0       ?getRestrictionSpec@UnDecorator@@CA?AVDName@@XZ 100185f0 f   libvcruntime:undname.obj
 0001:0001771e       ?getReturnType@UnDecorator@@CA?AVDName@@PAV2@@Z 1001871e f   libvcruntime:undname.obj
 0001:00017758       ?getScope@UnDecorator@@CA?AVDName@@XZ 10018758 f   libvcruntime:undname.obj
 0001:00017c2d       ?getScopedName@UnDecorator@@CA?AVDName@@XZ 10018c2d f   libvcruntime:undname.obj
 0001:00017d66       ?getSignedDimension@UnDecorator@@CA?AVDName@@XZ 10018d66 f   libvcruntime:undname.obj
 0001:00017dcd       ?getStorageConvention@UnDecorator@@CA?AVDName@@XZ 10018dcd f i libvcruntime:undname.obj
 0001:00017de2       ?getString@DName@@QBEPADPAD0@Z 10018de2 f i libvcruntime:undname.obj
 0001:00017e19       ?getString@DName@@QBEPADPADH@Z 10018e19 f i libvcruntime:undname.obj
 0001:00017e84       ?getString@DNameStatusNode@@UBEPADPAD0@Z 10018e84 f i libvcruntime:undname.obj
 0001:00017eb4       ?getString@charNode@@UBEPADPAD0@Z 10018eb4 f i libvcruntime:undname.obj
 0001:00017ece       ?getString@pDNameNode@@UBEPADPAD0@Z 10018ece f i libvcruntime:undname.obj
 0001:00017eea       ?getString@pairNode@@UBEPADPAD0@Z 10018eea f i libvcruntime:undname.obj
 0001:00017f3f       ?getString@pcharNode@@UBEPADPAD0@Z 10018f3f f i libvcruntime:undname.obj
 0001:00017f60       ?getStringEncoding@UnDecorator@@CA?AVDName@@PADH@Z 10018f60 f   libvcruntime:undname.obj
 0001:0001802b       ?getStringHelper@@YAPADPAD00H@Z 1001902b f i libvcruntime:undname.obj
 0001:0001806f       ?getSymbolName@UnDecorator@@CA?AVDName@@XZ 1001906f f i libvcruntime:undname.obj
 0001:000180c9       ?getTemplateArgumentList@UnDecorator@@CA?AVDName@@XZ 100190c9 f   libvcruntime:undname.obj
 0001:00018421       ?getTemplateConstant@UnDecorator@@CA?AVDName@@XZ 10019421 f   libvcruntime:undname.obj
 0001:00018836       ?getTemplateName@UnDecorator@@CA?AVDName@@_N@Z 10019836 f   libvcruntime:undname.obj
 0001:000189e1       ?getThisType@UnDecorator@@CA?AVDName@@XZ 100199e1 f i libvcruntime:undname.obj
 0001:00018a29       ?getThrowTypes@UnDecorator@@CA?AVDName@@XZ 10019a29 f   libvcruntime:undname.obj
 0001:00018ad5       ?getTypeEncoding@UnDecorator@@CAHXZ 10019ad5 f i libvcruntime:undname.obj
 0001:00019115       ?getVCallThunkType@UnDecorator@@CA?AVDName@@XZ 1001a115 f i libvcruntime:undname.obj
 0001:0001915e       ?getVbTableType@UnDecorator@@CA?AVDName@@ABV2@@Z 1001a15e f i libvcruntime:undname.obj
 0001:00019178       ?getVdispMapType@UnDecorator@@CA?AVDName@@ABV2@@Z 1001a178 f i libvcruntime:undname.obj
 0001:000191e3       ?getVfTableType@UnDecorator@@CA?AVDName@@ABV2@@Z 1001a1e3 f i libvcruntime:undname.obj
 0001:000193a1       ?getZName@UnDecorator@@CA?AVDName@@_N0@Z 1001a3a1 f   libvcruntime:undname.obj
 0001:00019671       ?haveTemplateParameters@UnDecorator@@SAHXZ 1001a671 f i libvcruntime:undname.obj
 0001:0001967e       ?isArray@DName@@QBEHXZ     1001a67e f i libvcruntime:undname.obj
 0001:0001968a       ?isComArray@DName@@QBEHXZ  1001a68a f i libvcruntime:undname.obj
 0001:00019696       ?isEmpty@DName@@QBEHXZ     1001a696 f i libvcruntime:undname.obj
 0001:000196a0       ?isFull@Replicator@@QBEHXZ 1001a6a0 f i libvcruntime:undname.obj
 0001:000196ab       ?isNoTE@DName@@QBEHXZ      1001a6ab f i libvcruntime:undname.obj
 0001:000196b7       ?isPinPtr@DName@@QBEHXZ    1001a6b7 f i libvcruntime:undname.obj
 0001:000196c3       ?isPtrRef@DName@@QBEHXZ    1001a6c3 f i libvcruntime:undname.obj
 0001:000196cf       ?isUDC@DName@@QBEHXZ       1001a6cf f i libvcruntime:undname.obj
 0001:000196e4       ?isUDTThunk@DName@@QBEHXZ  1001a6e4 f i libvcruntime:undname.obj
 0001:000196f9       ?isVCallThunk@DName@@QBEHXZ 1001a6f9 f i libvcruntime:undname.obj
 0001:00019705       ?isValid@DName@@QBEHXZ     1001a705 f i libvcruntime:undname.obj
 0001:00019711       ?length@DName@@QBEHXZ      1001a711 f i libvcruntime:undname.obj
 0001:00019736       ?length@DNameStatusNode@@UBEHXZ 1001a736 f i libvcruntime:undname.obj
 0001:0001973a       ?length@charNode@@UBEHXZ   1001a73a f i libvcruntime:undname.obj
 0001:0001973e       ?length@pDNameNode@@UBEHXZ 1001a73e f i libvcruntime:undname.obj
 0001:0001974f       ?length@pairNode@@UBEHXZ   1001a74f f i libvcruntime:undname.obj
 0001:000197ab       ?length@pcharNode@@UBEHXZ  1001a7ab f i libvcruntime:undname.obj
 0001:000197af       ?make@DNameStatusNode@@SAPAV1@W4DNameStatus@@@Z 1001a7af f i libvcruntime:undname.obj
 0001:00019856       ?setIsArray@DName@@QAEXXZ  1001a856 f i libvcruntime:undname.obj
 0001:00019860       ?setIsComArray@DName@@QAEXXZ 1001a860 f i libvcruntime:undname.obj
 0001:0001986a       ?setIsNoTE@DName@@QAEXXZ   1001a86a f i libvcruntime:undname.obj
 0001:00019874       ?setIsPinPtr@DName@@QAEXXZ 1001a874 f i libvcruntime:undname.obj
 0001:0001987e       ?setIsUDC@DName@@QAEXXZ    1001a87e f i libvcruntime:undname.obj
 0001:0001988e       ?setIsVCallThunk@DName@@QAEXXZ 1001a88e f i libvcruntime:undname.obj
 0001:00019898       ?setPtrRef@DName@@QAEAAV1@XZ 1001a898 f i libvcruntime:undname.obj
 0001:000198a4       ?status@DName@@QBE?AW4DNameStatus@@XZ 1001a8a4 f i libvcruntime:undname.obj
 0001:00019929       ___unDName                 1001a929 f   libvcruntime:undname.obj
 0001:000199e3       ___unDNameEx               1001a9e3 f   libvcruntime:undname.obj
 0001:00019a9d       __vsprintf_s_l             1001aa9d f i libvcruntime:undname.obj
 0001:00019ad5       _sprintf_s                 1001aad5 f i libvcruntime:undname.obj
 0001:00019b00       __global_unwind2           1001ab00 f   libvcruntime:_exsup_.obj
[...]
 0003:000016cc       ___scrt_native_startup_lock 1006a6cc     LIBCMT:utility.obj
 0003:000016f4       ___isa_available           1006a6f4     LIBCMT:_cpu_disp_.obj
 0003:000016f8       ___favor                   1006a6f8     LIBCMT:_cpu_disp_.obj
 0003:00001700       ___scrt_debugger_hook_flag 1006a700     LIBCMT:utility_desktop.obj
 0003:00001ac8       ?__type_info_root_node@@3U__type_info_node@@A 1006aac8     LIBCMT:tncleanup.obj
 0003:00001ad8       ?_OptionsStorage@?1??__local_stdio_scanf_options@@9@4_KA 1006aad8     LIBCMT:default_local_stdio_options.obj
 0003:00001ae4       ___pPurecall               1006aae4     libvcruntime:purevirt_data.obj
 0003:00001b7c       ?pArgList@UnDecorator@@0PAVReplicator@@A 1006ab7c     libvcruntime:undname.obj
 0003:00001b80       ?pZNameList@UnDecorator@@0PAVReplicator@@A 1006ab80     libvcruntime:undname.obj
 0003:00001b84       ?pTemplateArgList@UnDecorator@@0PAVReplicator@@A 1006ab84     libvcruntime:undname.obj
 0003:00001b88       ?gName@UnDecorator@@0PBDB  1006ab88     libvcruntime:undname.obj
 0003:00001b8c       ?name@UnDecorator@@0PBDB   1006ab8c     libvcruntime:undname.obj
 0003:00001b90       ?outputString@UnDecorator@@0PADA 1006ab90     libvcruntime:undname.obj
 0003:00001b94       ?maxStringLength@UnDecorator@@0HA 1006ab94     libvcruntime:undname.obj
 0003:00001b98       ?disableFlags@UnDecorator@@0KA 1006ab98     libvcruntime:undname.obj
 0003:00001b9c       ?fExplicitTemplateParams@UnDecorator@@0_NA 1006ab9c     libvcruntime:undname.obj
 0003:00001b9d       ?fGetTemplateArgumentList@UnDecorator@@0_NA 1006ab9d     libvcruntime:undname.obj
 0003:00001ba0       ?m_pGetParameter@UnDecorator@@0P6APADJ@ZA 1006aba0     libvcruntime:undname.obj
 0003:00001bc4       ?nodes@?1??make@DNameStatusNode@@SAPAV2@W4DNameStatus@@@Z@4PAV2@A 1006abc4     libvcruntime:undname.obj
 0003:00001c00       ??_B?1??make@DNameStatusNode@@SAPAV1@W4DNameStatus@@@Z@51 1006ac00     libvcruntime:undname.obj
 0003:00001c18       __environ_table            1006ac18     libucrt:environment_initialization.obj
 0003:00001c1c       __wenviron_table           1006ac1c     libucrt:environment_initialization.obj
 0003:00001c24       ___dcrt_initial_wide_environment 1006ac24     libucrt:environment_initialization.obj
 0003:00001c28       ___dcrt_initial_narrow_environment 1006ac28     libucrt:environment_initialization.obj
 0003:00001c2c       ___acrt_atexit_table       1006ac2c     libucrt:onexit.obj
 0003:00001c3c       ___acrt_at_quick_exit_table 1006ac3c     libucrt:onexit.obj
 0003:00001c4c       __nstream                  1006ac4c     libucrt:_file.obj
 0003:00001c50       ___piob                    1006ac50     libucrt:_file.obj
 0003:00001c58       __cflush                   1006ac58     libucrt:_file.obj
 0003:00001c60       ___acrt_stdout_buffer      1006ac60     libucrt:_sftbuf.obj
 0003:00001c64       ___acrt_stderr_buffer      1006ac64     libucrt:_sftbuf.obj
 0003:00001c68       ___acrt_locale_changed_data 1006ac68     libucrt:wsetlocale.obj
 0003:00001c6c       ___acrt_current_locale_data 1006ac6c     libucrt:nlsdata.obj
 0003:00001c70       ___pioinfo                 1006ac70     libucrt:ioinit.obj
 0003:00001ed8       __nhandle                  1006aed8     libucrt:ioinit.obj
 0003:000028e4       ___mblocalename            1006b8e4     libucrt:mbctype.obj
 0003:000028e8       ___mbcodepage              1006b8e8     libucrt:mbctype.obj
 0003:000028ec       ___ismbcodepage            1006b8ec     libucrt:mbctype.obj
 0003:000028f0       ___mbulinfo                1006b8f0     libucrt:mbctype.obj
 0003:00002904       ___acrt_heap               1006b904     libucrt:heap_handle.obj
 0003:00002908       ___argc                    1006b908     libucrt:argv_data.obj
 0003:0000290c       ___argv                    1006b90c     libucrt:argv_data.obj
 0003:00002910       ___wargv                   1006b910     libucrt:argv_data.obj
 0003:00002914       __acmdln                   1006b914     libucrt:argv_data.obj
 0003:00002918       __wcmdln                   1006b918     libucrt:argv_data.obj
 0003:0000291c       __pgmptr                   1006b91c     libucrt:argv_data.obj
 0003:00002920       __wpgmptr                  1006b920     libucrt:argv_data.obj
 0003:0000292c       ___acrt_lconv_static_null  1006b92c     libucrt:localeconv.obj
 0003:00002930       ___acrt_lconv_static_W_null 1006b930     libucrt:localeconv.obj
 0003:00002934       ___fastflag                1006b934     libucrt:fp_flags.obj
 0003:0000293c       ?DloadKernel32@@3PAUHINSTANCE__@@A 1006b93c     DelayImp:delayhlp.obj
 0003:00002940       ?DloadAcquireSRWLockExclusive@@3P6GXPAK@ZA 1006b940     DelayImp:delayhlp.obj
 0003:00002944       ?DloadReleaseSRWLockExclusive@@3P6GXPAK@ZA 1006b944     DelayImp:delayhlp.obj
 0003:00002948       ?DloadSrwLock@@3KA         1006b948     DelayImp:delayhlp.obj
 0003:0000294c       ?DloadSectionLockCount@@3KA 1006b94c     DelayImp:delayhlp.obj
 0003:00002950       ?DloadSectionOldProtection@@3KA 1006b950     DelayImp:delayhlp.obj
 0003:00002954       ?DloadSectionCommitPermanent@@3KA 1006b954     DelayImp:delayhlp.obj
 0003:00002960       ___pfnDliFailureHook2      1006b960     DelayImp:delayhk1.obj
 0003:00002964       ___dyn_tls_init_callback   1006b964     <common>
 0003:00002970       ___scrt_ucrt_dll_is_in_use 1006b970     <common>
 0003:0000297c       __pDestructExceptionObject 1006b97c     <common>
 0003:00002988       __pmatherr                 1006b988     <common>
 0003:00002994       ___use_sse2_mathfcns       1006b994     <common>
 0004:00000000       __imp__SystemFunction036@8 1006c000     advapi32:ADVAPI32.dll
 0004:00000004       \177ADVAPI32_NULL_THUNK_DATA 1006c004     advapi32:ADVAPI32.dll
 0004:00000030       __imp__GetModuleHandleA@4  1006c030     kernel32:KERNEL32.dll
 0004:00000034       __imp__IsProcessorFeaturePresent@4 1006c034     kernel32:KERNEL32.dll
 0004:00000038       __imp__IsDebuggerPresent@0 1006c038     kernel32:KERNEL32.dll
 0004:0000003c       __imp__UnhandledExceptionFilter@4 1006c03c     kernel32:KERNEL32.dll
 0004:00000040       __imp__SetUnhandledExceptionFilter@4 1006c040     kernel32:KERNEL32.dll
 0004:00000044       __imp__GetStartupInfoW@4   1006c044     kernel32:KERNEL32.dll
 0004:00000048       __imp__GetModuleHandleW@4  1006c048     kernel32:KERNEL32.dll
 0004:0000004c       __imp__GetCurrentProcess@0 1006c04c     kernel32:KERNEL32.dll
 0004:00000050       __imp__TerminateProcess@8  1006c050     kernel32:KERNEL32.dll
 0004:00000054       __imp__QueryPerformanceCounter@4 1006c054     kernel32:KERNEL32.dll
 0004:00000058       __imp__GetCurrentProcessId@0 1006c058     kernel32:KERNEL32.dll
 0004:0000005c       __imp__GetCurrentThreadId@0 1006c05c     kernel32:KERNEL32.dll
 0004:00000060       __imp__GetSystemTimeAsFileTime@4 1006c060     kernel32:KERNEL32.dll
 0004:00000064       __imp__InitializeSListHead@4 1006c064     kernel32:KERNEL32.dll
 0004:00000068       __imp__RaiseException@16   1006c068     kernel32:KERNEL32.dll
 0004:0000006c       __imp__GetLastError@0      1006c06c     kernel32:KERNEL32.dll
 0004:00000070       __imp__GetModuleFileNameW@12 1006c070     kernel32:KERNEL32.dll
 0004:00000074       __imp__InterlockedPushEntrySList@8 1006c074     kernel32:KERNEL32.dll
 0004:00000078       __imp__InterlockedFlushSList@4 1006c078     kernel32:KERNEL32.dll
 0004:0000007c       __imp__SetLastError@4      1006c07c     kernel32:KERNEL32.dll
 0004:00000080       __imp__EnterCriticalSection@4 1006c080     kernel32:KERNEL32.dll
 0004:00000084       __imp__LeaveCriticalSection@4 1006c084     kernel32:KERNEL32.dll
 0004:00000088       __imp__DeleteCriticalSection@4 1006c088     kernel32:KERNEL32.dll
 0004:0000008c       __imp__InitializeCriticalSectionAndSpinCount@8 1006c08c     kernel32:KERNEL32.dll
 0004:00000090       __imp__TlsAlloc@0          1006c090     kernel32:KERNEL32.dll
 0004:00000094       __imp__TlsGetValue@4       1006c094     kernel32:KERNEL32.dll
 0004:00000098       __imp__TlsSetValue@8       1006c098     kernel32:KERNEL32.dll
 0004:0000009c       __imp__TlsFree@4           1006c09c     kernel32:KERNEL32.dll
 0004:000000a0       __imp__FreeLibrary@4       1006c0a0     kernel32:KERNEL32.dll
 0004:000000a4       __imp__GetProcAddress@8    1006c0a4     kernel32:KERNEL32.dll
 0004:000000a8       __imp__LoadLibraryExW@12   1006c0a8     kernel32:KERNEL32.dll
 0004:000000ac       __imp__RtlUnwind@16        1006c0ac     kernel32:KERNEL32.dll
 0004:000000b0       __imp__GetStdHandle@4      1006c0b0     kernel32:KERNEL32.dll
 0004:000000b4       __imp__GetFileType@4       1006c0b4     kernel32:KERNEL32.dll
 0004:000000b8       __imp__GetModuleFileNameA@12 1006c0b8     kernel32:KERNEL32.dll
 0004:000000bc       __imp__GetModuleHandleExW@12 1006c0bc     kernel32:KERNEL32.dll
 0004:000000c0       __imp__WriteConsoleW@20    1006c0c0     kernel32:KERNEL32.dll
 0004:000000c4       __imp__ExitProcess@4       1006c0c4     kernel32:KERNEL32.dll
 0004:000000c8       __imp__MultiByteToWideChar@24 1006c0c8     kernel32:KERNEL32.dll
 0004:000000cc       __imp__HeapAlloc@12        1006c0cc     kernel32:KERNEL32.dll
 0004:000000d0       __imp__GetCurrentThread@0  1006c0d0     kernel32:KERNEL32.dll
 0004:000000d4       __imp__GetACP@0            1006c0d4     kernel32:KERNEL32.dll
 0004:000000d8       __imp__WriteFile@20        1006c0d8     kernel32:KERNEL32.dll
 0004:000000dc       __imp__OutputDebugStringA@4 1006c0dc     kernel32:KERNEL32.dll
 0004:000000e0       __imp__OutputDebugStringW@4 1006c0e0     kernel32:KERNEL32.dll
 0004:000000e4       __imp__CloseHandle@4       1006c0e4     kernel32:KERNEL32.dll
 0004:000000e8       __imp__WaitForSingleObjectEx@12 1006c0e8     kernel32:KERNEL32.dll
 0004:000000ec       __imp__CreateThread@24     1006c0ec     kernel32:KERNEL32.dll
 0004:000000f0       __imp__SetConsoleCtrlHandler@8 1006c0f0     kernel32:KERNEL32.dll
 0004:000000f4       __imp__GetDateFormatW@24   1006c0f4     kernel32:KERNEL32.dll
 0004:000000f8       __imp__GetTimeFormatW@24   1006c0f8     kernel32:KERNEL32.dll
 0004:000000fc       __imp__CompareStringW@24   1006c0fc     kernel32:KERNEL32.dll
 0004:00000100       __imp__LCMapStringW@24     1006c100     kernel32:KERNEL32.dll
 0004:00000104       __imp__GetLocaleInfoW@16   1006c104     kernel32:KERNEL32.dll
 0004:00000108       __imp__IsValidLocale@8     1006c108     kernel32:KERNEL32.dll
 0004:0000010c       __imp__GetUserDefaultLCID@0 1006c10c     kernel32:KERNEL32.dll
 0004:00000110       __imp__EnumSystemLocalesW@8 1006c110     kernel32:KERNEL32.dll
 0004:00000114       __imp__IsValidCodePage@4   1006c114     kernel32:KERNEL32.dll
 0004:00000118       __imp__GetOEMCP@0          1006c118     kernel32:KERNEL32.dll
 0004:0000011c       __imp__GetCPInfo@8         1006c11c     kernel32:KERNEL32.dll
 0004:00000120       __imp__GetEnvironmentStringsW@0 1006c120     kernel32:KERNEL32.dll
 0004:00000124       __imp__FreeEnvironmentStringsW@4 1006c124     kernel32:KERNEL32.dll
 0004:00000128       __imp__SetEnvironmentVariableA@8 1006c128     kernel32:KERNEL32.dll
 0004:0000012c       __imp__SetEnvironmentVariableW@8 1006c12c     kernel32:KERNEL32.dll
 0004:00000130       __imp__GetProcessHeap@0    1006c130     kernel32:KERNEL32.dll
 0004:00000134       __imp__GetCommandLineA@0   1006c134     kernel32:KERNEL32.dll
 0004:00000138       __imp__GetCommandLineW@0   1006c138     kernel32:KERNEL32.dll
 0004:0000013c       __imp__GetStringTypeW@16   1006c13c     kernel32:KERNEL32.dll
 0004:00000140       __imp__SetStdHandle@8      1006c140     kernel32:KERNEL32.dll
 0004:00000144       __imp__FlushFileBuffers@4  1006c144     kernel32:KERNEL32.dll
 0004:00000148       __imp__GetConsoleCP@0      1006c148     kernel32:KERNEL32.dll
 0004:0000014c       __imp__GetConsoleMode@8    1006c14c     kernel32:KERNEL32.dll
 0004:00000150       __imp__HeapSize@12         1006c150     kernel32:KERNEL32.dll
 0004:00000154       __imp__HeapReAlloc@16      1006c154     kernel32:KERNEL32.dll
 0004:00000158       __imp__SetFilePointerEx@20 1006c158     kernel32:KERNEL32.dll
 0004:0000015c       __imp__EncodePointer@4     1006c15c     kernel32:KERNEL32.dll
 0004:00000160       __imp__DecodePointer@4     1006c160     kernel32:KERNEL32.dll
 0004:00000164       __imp__CreateFileW@28      1006c164     kernel32:KERNEL32.dll
 0004:00000168       __imp__HeapFree@12         1006c168     kernel32:KERNEL32.dll
 0004:0000016c       __imp__WideCharToMultiByte@32 1006c16c     kernel32:KERNEL32.dll
 0004:00000170       __imp__GetSystemInfo@4     1006c170     kernel32:KERNEL32.dll
 0004:00000174       __imp__VirtualProtect@16   1006c174     kernel32:KERNEL32.dll
 0004:00000178       __imp__VirtualQuery@12     1006c178     kernel32:KERNEL32.dll
 0004:0000017c       __imp__LoadLibraryExA@12   1006c17c     kernel32:KERNEL32.dll
 0004:00000180       \177KERNEL32_NULL_THUNK_DATA 1006c180     kernel32:KERNEL32.dll
 0004:000001ec       __IMPORT_DESCRIPTOR_KERNEL32 1006c1ec     kernel32:KERNEL32.dll
 0004:00000200       __IMPORT_DESCRIPTOR_ADVAPI32 1006c200     advapi32:ADVAPI32.dll
 0004:00000214       __NULL_IMPORT_DESCRIPTOR   1006c214     kernel32:KERNEL32.dll
 0005:00000000       __DELAY_IMPORT_DESCRIPTOR_node_exe 1006d000     node:node.exe
 0005:00000020       __NULL_DELAY_IMPORT_DESCRIPTOR 1006d020     node:node.exe
 0005:00000130       \177node_NULL_THUNK_DATA_DLN 1006d130     node:node.exe
 0005:0000018c       __imp_??0HandleScope@v8@@QAE@PAVIsolate@1@@Z 1006d18c     node:node.exe
 0005:00000190       __imp_??1HandleScope@v8@@QAE@XZ 1006d190     node:node.exe
 0005:00000194       __imp_?CreateHandle@HandleScope@v8@@KAPAIPAVIsolate@internal@2@I@Z 1006d194     node:node.exe
 0005:00000198       __imp_?IsFunction@Value@v8@@QBE_NXZ 1006d198     node:node.exe
 0005:0000019c       __imp_?NewFromUtf8@String@v8@@SA?AV?$MaybeLocal@VString@v8@@@2@PAVIsolate@2@PBDW4NewStringType@2@H@Z 1006d19c     node:node.exe
 0005:000001a0       __imp_?New@Integer@v8@@SA?AV?$Local@VInteger@v8@@@2@PAVIsolate@2@H@Z 1006d1a0     node:node.exe
 0005:000001a4       __imp_?Set@Object@v8@@QAE?AV?$Maybe@_N@2@V?$Local@VContext@v8@@@2@V?$Local@VValue@v8@@@2@1@Z 1006d1a4     node:node.exe
 0005:000001a8       __imp_?InternalFieldCount@Object@v8@@QAEHXZ 1006d1a8     node:node.exe
 0005:000001ac       __imp_?SetAlignedPointerInInternalField@Object@v8@@QAEXHPAX@Z 1006d1ac     node:node.exe
 0005:000001b0       __imp_?GetIsolate@Object@v8@@QAEPAVIsolate@2@XZ 1006d1b0     node:node.exe
 0005:000001b4       __imp_?NewInstance@Function@v8@@QBE?AV?$MaybeLocal@VObject@v8@@@2@V?$Local@VContext@v8@@@2@HQAV?$Local@VValue@v8@@@2@@Z 1006d1b4     node:node.exe
 0005:000001b8       __imp_?Call@Function@v8@@QAE?AV?$MaybeLocal@VValue@v8@@@2@V?$Local@VContext@v8@@@2@V?$Local@VValue@v8@@@2@HQAV52@@Z 1006d1b8     node:node.exe
 0005:000001bc       __imp_?SetName@Function@v8@@QAEXV?$Local@VString@v8@@@2@@Z 1006d1bc     node:node.exe
 0005:000001c0       __imp_?New@ArrayBuffer@v8@@SA?AV?$Local@VArrayBuffer@v8@@@2@PAVIsolate@2@PAXIW4ArrayBufferCreationMode@2@@Z 1006d1c0     node:node.exe
 0005:000001c4       __imp_?New@Uint8Array@v8@@SA?AV?$Local@VUint8Array@v8@@@2@V?$Local@VArrayBuffer@v8@@@2@II@Z 1006d1c4     node:node.exe
 0005:000001c8       __imp_?New@BigUint64Array@v8@@SA?AV?$Local@VBigUint64Array@v8@@@2@V?$Local@VArrayBuffer@v8@@@2@II@Z 1006d1c8     node:node.exe
 0005:000001cc       __imp_?Set@Template@v8@@QAEXV?$Local@VName@v8@@@2@V?$Local@VData@v8@@@2@W4PropertyAttribute@2@@Z 1006d1cc     node:node.exe
 0005:000001d0       __imp_?New@FunctionTemplate@v8@@SA?AV?$Local@VFunctionTemplate@v8@@@2@PAVIsolate@2@P6AXABV?$FunctionCallbackInfo@VValue@v8@@@2@@ZV?$Local@VValue@v8@@@2@V?$Local@VSignature@v8@@@2@HW4ConstructorBehavior@2@W4SideEffectType@2@@Z 1006d1d0     node:node.exe
 0005:000001d4       __imp_?GetFunction@FunctionTemplate@v8@@QAE?AV?$MaybeLocal@VFunction@v8@@@2@V?$Local@VContext@v8@@@2@@Z 1006d1d4     node:node.exe
 0005:000001d8       __imp_?InstanceTemplate@FunctionTemplate@v8@@QAE?AV?$Local@VObjectTemplate@v8@@@2@XZ 1006d1d8     node:node.exe
 0005:000001dc       __imp_?PrototypeTemplate@FunctionTemplate@v8@@QAE?AV?$Local@VObjectTemplate@v8@@@2@XZ 1006d1dc     node:node.exe
 0005:000001e0       __imp_?SetClassName@FunctionTemplate@v8@@QAEXV?$Local@VString@v8@@@2@@Z 1006d1e0     node:node.exe
 0005:000001e4       __imp_?SetInternalFieldCount@ObjectTemplate@v8@@QAEXH@Z 1006d1e4     node:node.exe
 0005:000001e8       __imp_?New@Signature@v8@@SA?AV?$Local@VSignature@v8@@@2@PAVIsolate@2@V?$Local@VFunctionTemplate@v8@@@2@@Z 1006d1e8     node:node.exe
 0005:000001ec       __imp_?TypeError@Exception@v8@@SA?AV?$Local@VValue@v8@@@2@V?$Local@VString@v8@@@2@@Z 1006d1ec     node:node.exe
 0005:000001f0       __imp_?GetCurrent@Isolate@v8@@SAPAV12@XZ 1006d1f0     node:node.exe
 0005:000001f4       __imp_?GetCurrentContext@Isolate@v8@@QAE?AV?$Local@VContext@v8@@@2@XZ 1006d1f4     node:node.exe
 0005:000001f8       __imp_?ThrowException@Isolate@v8@@QAE?AV?$Local@VValue@v8@@@2@V32@@Z 1006d1f8     node:node.exe
 0005:000001fc       __imp_?GlobalizeReference@V8@v8@@CAPAIPAVIsolate@internal@2@PAI@Z 1006d1fc     node:node.exe
 0005:00000200       __imp_?CopyPersistent@V8@v8@@CAPAIPAI@Z 1006d200     node:node.exe
 0005:00000204       __imp_?DisposeGlobal@V8@v8@@CAXPAI@Z 1006d204     node:node.exe
 0005:00000208       __imp_?MakeWeak@V8@v8@@CAXPAIPAXP6AXABV?$WeakCallbackInfo@X@2@@ZW4WeakCallbackType@2@@Z 1006d208     node:node.exe
 0005:0000020c       __imp_?ClearWeak@V8@v8@@CAPAXPAI@Z 1006d20c     node:node.exe
 0005:00000210       __imp_?FromJustIsNothing@V8@v8@@CAXXZ 1006d210     node:node.exe
 0005:00000214       __imp_?ToLocalEmpty@V8@v8@@CAXXZ 1006d214     node:node.exe
 0005:00000218       __imp_?Global@Context@v8@@QAE?AV?$Local@VObject@v8@@@2@XZ 1006d218     node:node.exe
 0005:0000021c       __imp__node_module_register 1006d21c     node:node.exe
 0005:00000220       __imp__uv_default_loop     1006d220     node:node.exe
 0005:00000224       __imp__uv_run              1006d224     node:node.exe
 0005:00000228       __imp_?BooleanValue@Value@v8@@QBE_NXZ 1006d228     node:node.exe
 0005:0000022c       __imp_?Utf8Length@String@v8@@QBEHXZ 1006d22c     node:node.exe
 0005:00000230       __imp_?Utf8Length@String@v8@@QBEHPAVIsolate@2@@Z 1006d230     node:node.exe
 0005:00000234       __imp_?WriteUtf8@String@v8@@QBEHPAVIsolate@2@PADHPAHH@Z 1006d234     node:node.exe
 0005:00000238       __imp__uv_close            1006d238     node:node.exe
 0005:0000023c       __imp__uv_listen           1006d23c     node:node.exe
 0005:00000240       __imp__uv_accept           1006d240     node:node.exe
 0005:00000244       __imp__uv_read_start       1006d244     node:node.exe
 0005:00000248       __imp__uv_read_stop        1006d248     node:node.exe
 0005:0000024c       __imp__uv_write            1006d24c     node:node.exe
 0005:00000250       __imp__uv_pipe_init        1006d250     node:node.exe
 0005:00000254       __imp__uv_pipe_bind        1006d254     node:node.exe
 0005:00000258       __imp__uv_pipe_connect     1006d258     node:node.exe
 0005:0000025c       __imp__uv_timer_init       1006d25c     node:node.exe
 0005:00000260       __imp__uv_timer_start      1006d260     node:node.exe
 0005:00000264       __imp__uv_rwlock_init      1006d264     node:node.exe
 0005:00000268       __imp__uv_rwlock_destroy   1006d268     node:node.exe
 0005:0000026c       __imp__uv_rwlock_rdlock    1006d26c     node:node.exe
 0005:00000270       __imp__uv_rwlock_rdunlock  1006d270     node:node.exe
 0005:00000274       __imp__uv_rwlock_wrlock    1006d274     node:node.exe
 0005:00000278       __imp__uv_rwlock_wrunlock  1006d278     node:node.exe
 0005:0000027c       \177node_NULL_THUNK_DATA_DLA 1006d27c     node:node.exe
 0005:00001100       \177node_NULL_THUNK_DATA_DLB 1006e100     node:node.exe
 0006:00000000       ___guard_check_icall_fptr  1006f000     LIBCMT:guard_support.obj
